Last login: Fri Jan 24 20:34:46 on ttys002
cris@MacBook-Pro-Cristian projectv3 % npx create-react-app bridge
Need to install the following packages:
create-react-app@5.0.1
Ok to proceed? (y) y

npm warn deprecated inflight@1.0.6: This module is not supported, and leaks memory. Do not use it. Check out lru-cache if you want a good and tested way to coalesce async requests by a key value, which is much more comprehensive and powerful.
npm warn deprecated glob@7.2.3: Glob versions prior to v9 are no longer supported
npm warn deprecated uid-number@0.0.6: This package is no longer supported.
npm warn deprecated rimraf@2.7.1: Rimraf versions prior to v4 are no longer supported
npm warn deprecated fstream-ignore@1.0.5: This package is no longer supported.
npm warn deprecated tar@2.2.2: This version of tar is no longer supported, and will not receive security updates. Please upgrade asap.
npm warn deprecated fstream@1.0.12: This package is no longer supported.

Creating a new React app in /Users/cris/PROGRAMARE/FACULTATE/AN_3/crypto/projectv3/bridge.

Installing packages. This might take a couple of minutes.
Installing react, react-dom, and react-scripts with cra-template...


added 1324 packages in 24s

268 packages are looking for funding
  run `npm fund` for details

Initialized a git repository.

Installing template dependencies using npm...
npm error code ERESOLVE
npm error ERESOLVE unable to resolve dependency tree
npm error
npm error While resolving: bridge@0.1.0
npm error Found: react@19.0.0
npm error node_modules/react
npm error   react@"^19.0.0" from the root project
npm error
npm error Could not resolve dependency:
npm error peer react@"^18.0.0" from @testing-library/react@13.4.0
npm error node_modules/@testing-library/react
npm error   @testing-library/react@"^13.0.0" from the root project
npm error
npm error Fix the upstream dependency conflict, or retry
npm error this command with --force or --legacy-peer-deps
npm error to accept an incorrect (and potentially broken) dependency resolution.
npm error
npm error
npm error For a full report see:
npm error /Users/cris/.npm/_logs/2025-01-24T19_59_59_091Z-eresolve-report.txt
npm error A complete log of this run can be found in: /Users/cris/.npm/_logs/2025-01-24T19_59_59_091Z-debug-0.log
`npm install --no-audit --save @testing-library/jest-dom@^5.14.1 @testing-library/react@^13.0.0 @testing-library/user-event@^13.2.1 web-vitals@^2.1.0` failed
cris@MacBook-Pro-Cristian projectv3 % npx create-react-app bridge --use-npm --legacy-peer-deps

The directory bridge contains files that could conflict:

  node_modules/
  package-lock.json
  package.json
  public/
  src/

Either try using a new directory name, or remove the files listed above.
cris@MacBook-Pro-Cristian projectv3 % npx create-react-app bridge --use-npm --legacy-peer-deps


Creating a new React app in /Users/cris/PROGRAMARE/FACULTATE/AN_3/crypto/projectv3/bridge.

Installing packages. This might take a couple of minutes.
Installing react, react-dom, and react-scripts with cra-template...


added 1324 packages in 6s

268 packages are looking for funding
  run `npm fund` for details

Initialized a git repository.

Installing template dependencies using npm...
npm error code ERESOLVE
npm error ERESOLVE unable to resolve dependency tree
npm error
npm error While resolving: bridge@0.1.0
npm error Found: react@19.0.0
npm error node_modules/react
npm error   react@"^19.0.0" from the root project
npm error
npm error Could not resolve dependency:
npm error peer react@"^18.0.0" from @testing-library/react@13.4.0
npm error node_modules/@testing-library/react
npm error   @testing-library/react@"^13.0.0" from the root project
npm error
npm error Fix the upstream dependency conflict, or retry
npm error this command with --force or --legacy-peer-deps
npm error to accept an incorrect (and potentially broken) dependency resolution.
npm error
npm error
npm error For a full report see:
npm error /Users/cris/.npm/_logs/2025-01-24T20_03_08_183Z-eresolve-report.txt
npm error A complete log of this run can be found in: /Users/cris/.npm/_logs/2025-01-24T20_03_08_183Z-debug-0.log
`npm install --no-audit --save @testing-library/jest-dom@^5.14.1 @testing-library/react@^13.0.0 @testing-library/user-event@^13.2.1 web-vitals@^2.1.0` failed
cris@MacBook-Pro-Cristian projectv3 % cd bridge 
cris@MacBook-Pro-Cristian bridge % npm install ethers @mysten/sui.js

npm error code ERESOLVE
npm error ERESOLVE could not resolve
npm error
npm error While resolving: react-scripts@5.0.1
npm error Found: typescript@5.7.3
npm error node_modules/typescript
npm error   peer typescript@">= 2.7" from fork-ts-checker-webpack-plugin@6.5.3
npm error   node_modules/fork-ts-checker-webpack-plugin
npm error     fork-ts-checker-webpack-plugin@"^6.5.0" from react-dev-utils@12.0.1
npm error     node_modules/react-dev-utils
npm error       react-dev-utils@"^12.0.1" from react-scripts@5.0.1
npm error       node_modules/react-scripts
npm error         react-scripts@"5.0.1" from the root project
npm error   peer typescript@">=2.8.0 || >= 3.2.0-dev || >= 3.3.0-dev || >= 3.4.0-dev || >= 3.5.0-dev || >= 3.6.0-dev || >= 3.6.0-beta || >= 3.7.0-dev || >= 3.7.0-beta" from tsutils@3.21.0
npm error   node_modules/tsutils
npm error     tsutils@"^3.21.0" from @typescript-eslint/eslint-plugin@5.62.0
npm error     node_modules/@typescript-eslint/eslint-plugin
npm error       @typescript-eslint/eslint-plugin@"^5.5.0" from eslint-config-react-app@7.0.1
npm error       node_modules/eslint-config-react-app
npm error         eslint-config-react-app@"^7.0.1" from react-scripts@5.0.1
npm error         node_modules/react-scripts
npm error       1 more (eslint-plugin-jest)
npm error     tsutils@"^3.21.0" from @typescript-eslint/type-utils@5.62.0
npm error     node_modules/@typescript-eslint/type-utils
npm error       @typescript-eslint/type-utils@"5.62.0" from @typescript-eslint/eslint-plugin@5.62.0
npm error       node_modules/@typescript-eslint/eslint-plugin
npm error         @typescript-eslint/eslint-plugin@"^5.5.0" from eslint-config-react-app@7.0.1
npm error         node_modules/eslint-config-react-app
npm error         1 more (eslint-plugin-jest)
npm error     1 more (@typescript-eslint/typescript-estree)
npm error   4 more (gql.tada, @0no-co/graphqlsp, @gql.tada/cli-utils, @gql.tada/internal)
npm error
npm error Could not resolve dependency:
npm error peerOptional typescript@"^3.2.1 || ^4" from react-scripts@5.0.1
npm error node_modules/react-scripts
npm error   react-scripts@"5.0.1" from the root project
npm error
npm error Conflicting peer dependency: typescript@4.9.5
npm error node_modules/typescript
npm error   peerOptional typescript@"^3.2.1 || ^4" from react-scripts@5.0.1
npm error   node_modules/react-scripts
npm error     react-scripts@"5.0.1" from the root project
npm error
npm error Fix the upstream dependency conflict, or retry
npm error this command with --force or --legacy-peer-deps
npm error to accept an incorrect (and potentially broken) dependency resolution.
npm error
npm error
npm error For a full report see:
npm error /Users/cris/.npm/_logs/2025-01-24T20_06_32_204Z-eresolve-report.txt
npm error A complete log of this run can be found in: /Users/cris/.npm/_logs/2025-01-24T20_06_32_204Z-debug-0.log
cris@MacBook-Pro-Cristian bridge % 
