Last login: Fri Jan 24 18:05:58 on ttys002
cris@MacBook-Pro-Cristian sui % sui client switch --network localnet

error: unexpected argument '--network' found

Usage: sui client switch [OPTIONS]

For more information, try '--help'.
cris@MacBook-Pro-Cristian sui % sui client envs

╭──────────┬────────────────────────────────────┬────────╮
│ alias    │ url                                │ active │
├──────────┼────────────────────────────────────┼────────┤
│ localnet │ http://127.0.0.1:9000              │ *      │
│ devnet   │ https://fullnode.devnet.sui.io:443 │        │
╰──────────┴────────────────────────────────────┴────────╯
cris@MacBook-Pro-Cristian sui % sui move build

Unable to find package manifest at '/Users/cris/PROGRAMARE/FACULTATE/AN_3/crypto/projectv3/sui/Move.toml' or in its parents
cris@MacBook-Pro-Cristian sui % sui genesis --accounts
error: unexpected argument '--accounts' found

Usage: sui genesis [OPTIONS]

For more information, try '--help'.
cris@MacBook-Pro-Cristian sui % sui move build        

BUILDING burn_token_project
error[E01001]: invalid character
   ┌─ ./sources/token.move:45:60
   │
45 │     mut coins: Coin<TOKEN>, // Change to take ownership of ⁠ coins ⁠
   │                                                             Invalid character '\u{202f}' found when reading file. For ASCII, only printable characters (tabs '\t', lf '\n' and crlf '\r'+'\n') are permitted. Unicode can be used in comments and string literals, excluding certain control characters.

Failed to build Move modules: Compilation error.
cris@MacBook-Pro-Cristian sui % sui move build

BUILDING burn_token_project
error[E03001]: address with no value
  ┌─ ./sources/token.move:1:8
  │
1 │ module token::token {
  │        ^^^^^ address 'token' is not assigned a value. Try assigning it a value when calling the compiler

error[E03001]: address with no value
  ┌─ ./sources/token.move:2:5
  │
2 │ use sui::coin::{Self, TreasuryCap, Coin};
  │     ^^^ address 'sui' is not assigned a value

error[E03002]: unbound module
  ┌─ ./sources/token.move:2:5
  │
2 │ use sui::coin::{Self, TreasuryCap, Coin};
  │     ^^^^^^^^^ Invalid 'use'. Unbound module: 'sui::coin'

error[E03001]: address with no value
  ┌─ ./sources/token.move:3:5
  │
3 │ use sui::tx_context::{Self, TxContext};
  │     ^^^ address 'sui' is not assigned a value

error[E03002]: unbound module
  ┌─ ./sources/token.move:3:5
  │
3 │ use sui::tx_context::{Self, TxContext};
  │     ^^^^^^^^^^^^^^^ Invalid 'use'. Unbound module: 'sui::tx_context'

error[E03001]: address with no value
  ┌─ ./sources/token.move:4:5
  │
4 │ use sui::transfer;
  │     ^^^ address 'sui' is not assigned a value

error[E03002]: unbound module
  ┌─ ./sources/token.move:4:5
  │
4 │ use sui::transfer;
  │     ^^^^^^^^^^^^^ Invalid 'use'. Unbound module: 'sui::transfer'

error[E03001]: address with no value
  ┌─ ./sources/token.move:5:5
  │
5 │ use sui::object::{Self, UID};
  │     ^^^ address 'sui' is not assigned a value

error[E03002]: unbound module
  ┌─ ./sources/token.move:5:5
  │
5 │ use sui::object::{Self, UID};
  │     ^^^^^^^^^^^ Invalid 'use'. Unbound module: 'sui::object'

error[E03002]: unbound module
  ┌─ ./sources/token.move:6:5
  │
6 │ use std::option;
  │     ^^^^^^^^^^^ Invalid 'use'. Unbound module: 'std::option'

error[E01003]: invalid modifier
  ┌─ ./sources/token.move:8:1
  │
8 │ public struct TOKEN has drop {}
  │ ^^^^^^ Invalid struct declaration. Structs cannot have visibility modifiers as they are always 'public'
  │
  = Starting in the Move 2024 edition visibility must be annotated on struct declarations.

error[E13001]: feature is not supported in specified edition
  ┌─ ./sources/token.move:8:1
  │
8 │ public struct TOKEN has drop {}
  │ ^^^^^^ Struct visibility modifiers are not supported by current edition 'legacy'; the '2024' edition supports this feature
  │
  = You can update the edition in the 'Move.toml', or via command line flag if invoking the compiler directly.

error[E01003]: invalid modifier
   ┌─ ./sources/token.move:10:1
   │
10 │ public struct AdminCap has key { id: UID }
   │ ^^^^^^ Invalid struct declaration. Structs cannot have visibility modifiers as they are always 'public'
   │
   = Starting in the Move 2024 edition visibility must be annotated on struct declarations.

error[E13001]: feature is not supported in specified edition
   ┌─ ./sources/token.move:10:1
   │
10 │ public struct AdminCap has key { id: UID }
   │ ^^^^^^ Struct visibility modifiers are not supported by current edition 'legacy'; the '2024' edition supports this feature
   │
   = You can update the edition in the 'Move.toml', or via command line flag if invoking the compiler directly.

error[Sui E02007]: invalid object declaration
   ┌─ ./sources/token.move:10:34
   │
10 │ public struct AdminCap has key { id: UID }
   │                            ---   ^^  --- But found type: '_'
   │                            │     │    
   │                            │     Invalid object 'AdminCap'. Structs with the 'key' ability must have 'id: sui::object::UID' as their first field
   │                            The 'key' ability is used to declare objects in Sui

error[E03004]: unbound type
   ┌─ ./sources/token.move:10:38
   │
10 │ public struct AdminCap has key { id: UID }
   │                                      ^^^ Unbound type 'UID' in current scope

error[Sui E02003]: invalid 'init' function
   ┌─ ./sources/token.move:12:5
   │
12 │ fun init(otw: TOKEN, ctx: &mut TxContext) {
   │     ^^^^                  -------------- 'init' functions must have their last parameter as '&sui::tx_context::TxContext' or '&mut sui::tx_context::TxContext'
   │     │                      
   │     Invalid 'init' function declaration

warning[W09002]: unused variable
   ┌─ ./sources/token.move:12:10
   │
12 │ fun init(otw: TOKEN, ctx: &mut TxContext) {
   │          ^^^ Unused parameter 'otw'. Consider removing or prefixing with an underscore: '_otw'
   │
   = This warning can be suppressed with '#[allow(unused_variable)]' applied to the 'module' or module member ('const', 'fun', or 'struct')

warning[W09002]: unused variable
   ┌─ ./sources/token.move:12:22
   │
12 │ fun init(otw: TOKEN, ctx: &mut TxContext) {
   │                      ^^^ Unused parameter 'ctx'. Consider removing or prefixing with an underscore: '_ctx'
   │
   = This warning can be suppressed with '#[allow(unused_variable)]' applied to the 'module' or module member ('const', 'fun', or 'struct')

error[E03004]: unbound type
   ┌─ ./sources/token.move:12:32
   │
12 │ fun init(otw: TOKEN, ctx: &mut TxContext) {
   │                                ^^^^^^^^^ Unbound type 'TxContext' in current scope

warning[W09002]: unused variable
   ┌─ ./sources/token.move:13:10
   │
13 │     let (treasury_cap, metadata) = coin::create_currency<TOKEN>(
   │          ^^^^^^^^^^^^ Unused local variable 'treasury_cap'. Consider removing or prefixing with an underscore: '_treasury_cap'
   │
   = This warning can be suppressed with '#[allow(unused_variable)]' applied to the 'module' or module member ('const', 'fun', or 'struct')

error[E04010]: cannot infer type
   ┌─ ./sources/token.move:13:10
   │
13 │     let (treasury_cap, metadata) = coin::create_currency<TOKEN>(
   │          ^^^^^^^^^^^^ Could not infer this type. Try adding an annotation

warning[W09002]: unused variable
   ┌─ ./sources/token.move:13:24
   │
13 │     let (treasury_cap, metadata) = coin::create_currency<TOKEN>(
   │                        ^^^^^^^^ Unused local variable 'metadata'. Consider removing or prefixing with an underscore: '_metadata'
   │
   = This warning can be suppressed with '#[allow(unused_variable)]' applied to the 'module' or module member ('const', 'fun', or 'struct')

error[E04010]: cannot infer type
   ┌─ ./sources/token.move:13:24
   │
13 │     let (treasury_cap, metadata) = coin::create_currency<TOKEN>(
   │                        ^^^^^^^^ Could not infer this type. Try adding an annotation

error[E03002]: unbound module
   ┌─ ./sources/token.move:13:36
   │
13 │     let (treasury_cap, metadata) = coin::create_currency<TOKEN>(
   │                                    ^^^^ Unbound module alias 'coin'

error[E03002]: unbound module
   ┌─ ./sources/token.move:19:9
   │
19 │         option::none(),
   │         ^^^^^^ Unbound module alias 'option'

error[E03002]: unbound module
   ┌─ ./sources/token.move:22:5
   │
22 │     transfer::public_freeze_object(metadata);
   │     ^^^^^^^^ Unbound module alias 'transfer'

warning[W09002]: unused variable
   ┌─ ./sources/token.move:25:9
   │
25 │     let admin_cap = AdminCap {
   │         ^^^^^^^^^ Unused local variable 'admin_cap'. Consider removing or prefixing with an underscore: '_admin_cap'
   │
   = This warning can be suppressed with '#[allow(unused_variable)]' applied to the 'module' or module member ('const', 'fun', or 'struct')

error[E03002]: unbound module
   ┌─ ./sources/token.move:26:13
   │
26 │         id: object::new(ctx)
   │             ^^^^^^ Unbound module alias 'object'

error[E03002]: unbound module
   ┌─ ./sources/token.move:28:5
   │
28 │     transfer::transfer(admin_cap, tx_context::sender(ctx));
   │     ^^^^^^^^ Unbound module alias 'transfer'

error[E03002]: unbound module
   ┌─ ./sources/token.move:28:35
   │
28 │     transfer::transfer(admin_cap, tx_context::sender(ctx));
   │                                   ^^^^^^^^^^ Unbound module alias 'tx_context'

error[E03002]: unbound module
   ┌─ ./sources/token.move:29:5
   │
29 │     transfer::public_transfer(treasury_cap, tx_context::sender(ctx));
   │     ^^^^^^^^ Unbound module alias 'transfer'

error[E03002]: unbound module
   ┌─ ./sources/token.move:29:45
   │
29 │     transfer::public_transfer(treasury_cap, tx_context::sender(ctx));
   │                                             ^^^^^^^^^^ Unbound module alias 'tx_context'

warning[W09002]: unused variable
   ┌─ ./sources/token.move:33:5
   │
33 │     c: &mut TreasuryCap<TOKEN>, 
   │     ^ Unused parameter 'c'. Consider removing or prefixing with an underscore: '_c'
   │
   = This warning can be suppressed with '#[allow(unused_variable)]' applied to the 'module' or module member ('const', 'fun', or 'struct')

error[E03004]: unbound type
   ┌─ ./sources/token.move:33:13
   │
33 │     c: &mut TreasuryCap<TOKEN>, 
   │             ^^^^^^^^^^^ Unbound type 'TreasuryCap' in current scope

warning[W09002]: unused variable
   ┌─ ./sources/token.move:34:5
   │
34 │     amount: u64, 
   │     ^^^^^^ Unused parameter 'amount'. Consider removing or prefixing with an underscore: '_amount'
   │
   = This warning can be suppressed with '#[allow(unused_variable)]' applied to the 'module' or module member ('const', 'fun', or 'struct')

warning[W09002]: unused variable
   ┌─ ./sources/token.move:35:5
   │
35 │     recipient: address, 
   │     ^^^^^^^^^ Unused parameter 'recipient'. Consider removing or prefixing with an underscore: '_recipient'
   │
   = This warning can be suppressed with '#[allow(unused_variable)]' applied to the 'module' or module member ('const', 'fun', or 'struct')

warning[W09002]: unused variable
   ┌─ ./sources/token.move:37:5
   │
37 │     ctx: &mut TxContext
   │     ^^^ Unused parameter 'ctx'. Consider removing or prefixing with an underscore: '_ctx'
   │
   = This warning can be suppressed with '#[allow(unused_variable)]' applied to the 'module' or module member ('const', 'fun', or 'struct')

error[E03004]: unbound type
   ┌─ ./sources/token.move:37:15
   │
37 │     ctx: &mut TxContext
   │               ^^^^^^^^^ Unbound type 'TxContext' in current scope

error[E03002]: unbound module
   ┌─ ./sources/token.move:40:1
   │
40 │ coin::mint_and_transfer(c, amount, recipient, ctx);
   │ ^^^^ Unbound module alias 'coin'

warning[W09002]: unused variable
   ┌─ ./sources/token.move:44:5
   │
44 │     c: &mut TreasuryCap<TOKEN>,
   │     ^ Unused parameter 'c'. Consider removing or prefixing with an underscore: '_c'
   │
   = This warning can be suppressed with '#[allow(unused_variable)]' applied to the 'module' or module member ('const', 'fun', or 'struct')

error[E03004]: unbound type
   ┌─ ./sources/token.move:44:13
   │
44 │     c: &mut TreasuryCap<TOKEN>,
   │             ^^^^^^^^^^^ Unbound type 'TreasuryCap' in current scope

error[E01002]: unexpected token
   ┌─ ./sources/token.move:45:9
   │
45 │     mut coins: Coin<TOKEN>, // Change to take ownership of coins
   │         ^^^^^
   │         │
   │         Unexpected 'coins'
   │         Expected ':'

error[E03004]: unbound type
   ┌─ ./sources/token.move:47:16
   │
47 │     _ctx: &mut TxContext
   │                ^^^^^^^^^ Unbound type 'TxContext' in current scope

error[E03002]: unbound module
   ┌─ ./sources/token.move:49:5
   │
49 │     coin::burn(c, coins); // Pass coins directly
   │     ^^^^ Unbound module alias 'coin'

Failed to build Move modules: Compilation error.
cris@MacBook-Pro-Cristian sui % which sui
/opt/homebrew/bin/sui
cris@MacBook-Pro-Cristian sui % sui move new token
cris@MacBook-Pro-Cristian sui % sui move build    

FETCHING GIT DEPENDENCY https://github.com/MystenLabs/sui.git
Cloning into '/Users/cris/.move/https___github_com_MystenLabs_sui_git_framework__testnet'...
remote: Enumerating objects: 398636, done.
remote: Counting objects: 100% (3704/3704), done.
remote: Compressing objects: 100% (1099/1099), done.
remote: Total 398636 (delta 3375), reused 2650 (delta 2605), pack-reused 394932 (from 2)
Receiving objects: 100% (398636/398636), 350.15 MiB | 19.97 MiB/s, done.
Resolving deltas: 100% (270297/270297), done.
Updating files: 100% (14553/14553), done.
INCLUDING DEPENDENCY Sui
INCLUDING DEPENDENCY MoveStdlib
BUILDING token
warning[W02021]: duplicate alias
  ┌─ ./sources/token.move:3:23
  │
3 │ use sui::tx_context::{Self, TxContext};
  │                       ^^^^ Unnecessary alias 'tx_context' for module 'sui::tx_context'. This alias is provided by default
  │
  = This warning can be suppressed with '#[allow(duplicate_alias)]' applied to the 'module' or module member ('const', 'fun', or 'struct')

warning[W02021]: duplicate alias
  ┌─ ./sources/token.move:3:29
  │
3 │ use sui::tx_context::{Self, TxContext};
  │                             ^^^^^^^^^ Unnecessary alias 'TxContext' for module member 'sui::tx_context::TxContext'. This alias is provided by default
  │
  = This warning can be suppressed with '#[allow(duplicate_alias)]' applied to the 'module' or module member ('const', 'fun', or 'struct')

warning[W02021]: duplicate alias
  ┌─ ./sources/token.move:4:10
  │
4 │ use sui::transfer;
  │          ^^^^^^^^ Unnecessary alias 'transfer' for module 'sui::transfer'. This alias is provided by default
  │
  = This warning can be suppressed with '#[allow(duplicate_alias)]' applied to the 'module' or module member ('const', 'fun', or 'struct')

warning[W02021]: duplicate alias
  ┌─ ./sources/token.move:5:19
  │
5 │ use sui::object::{Self, UID};
  │                   ^^^^ Unnecessary alias 'object' for module 'sui::object'. This alias is provided by default
  │
  = This warning can be suppressed with '#[allow(duplicate_alias)]' applied to the 'module' or module member ('const', 'fun', or 'struct')

warning[W02021]: duplicate alias
  ┌─ ./sources/token.move:5:25
  │
5 │ use sui::object::{Self, UID};
  │                         ^^^ Unnecessary alias 'UID' for module member 'sui::object::UID'. This alias is provided by default
  │
  = This warning can be suppressed with '#[allow(duplicate_alias)]' applied to the 'module' or module member ('const', 'fun', or 'struct')

warning[W02021]: duplicate alias
  ┌─ ./sources/token.move:6:10
  │
6 │ use std::option;
  │          ^^^^^^ Unnecessary alias 'option' for module 'std::option'. This alias is provided by default
  │
  = This warning can be suppressed with '#[allow(duplicate_alias)]' applied to the 'module' or module member ('const', 'fun', or 'struct')

warning[W09012]: unused 'mut' modifiers
   ┌─ ./sources/token.move:45:9
   │
45 │     mut coins: Coin<TOKEN>, // Change to take ownership of coins
   │     --- ^^^^^ The variable 'coins' is never used mutably
   │     │    
   │     Consider removing the 'mut' declaration here
   │
   = This warning can be suppressed with '#[allow(unused_let_mut)]' applied to the 'module' or module member ('const', 'fun', or 'struct')

cris@MacBook-Pro-Cristian sui % sui client active-env

localnet
cris@MacBook-Pro-Cristian sui % sui client publish --gas-budget 30000
UPDATING GIT DEPENDENCY https://github.com/MystenLabs/sui.git
INCLUDING DEPENDENCY Sui
INCLUDING DEPENDENCY MoveStdlib
BUILDING token
warning[W02021]: duplicate alias
  ┌─ /Users/cris/PROGRAMARE/FACULTATE/AN_3/crypto/projectv3/sui/sources/token.move:3:23
  │
3 │ use sui::tx_context::{Self, TxContext};
  │                       ^^^^ Unnecessary alias 'tx_context' for module 'sui::tx_context'. This alias is provided by default
  │
  = This warning can be suppressed with '#[allow(duplicate_alias)]' applied to the 'module' or module member ('const', 'fun', or 'struct')

warning[W02021]: duplicate alias
  ┌─ /Users/cris/PROGRAMARE/FACULTATE/AN_3/crypto/projectv3/sui/sources/token.move:3:29
  │
3 │ use sui::tx_context::{Self, TxContext};
  │                             ^^^^^^^^^ Unnecessary alias 'TxContext' for module member 'sui::tx_context::TxContext'. This alias is provided by default
  │
  = This warning can be suppressed with '#[allow(duplicate_alias)]' applied to the 'module' or module member ('const', 'fun', or 'struct')

warning[W02021]: duplicate alias
  ┌─ /Users/cris/PROGRAMARE/FACULTATE/AN_3/crypto/projectv3/sui/sources/token.move:4:10
  │
4 │ use sui::transfer;
  │          ^^^^^^^^ Unnecessary alias 'transfer' for module 'sui::transfer'. This alias is provided by default
  │
  = This warning can be suppressed with '#[allow(duplicate_alias)]' applied to the 'module' or module member ('const', 'fun', or 'struct')

warning[W02021]: duplicate alias
  ┌─ /Users/cris/PROGRAMARE/FACULTATE/AN_3/crypto/projectv3/sui/sources/token.move:5:19
  │
5 │ use sui::object::{Self, UID};
  │                   ^^^^ Unnecessary alias 'object' for module 'sui::object'. This alias is provided by default
  │
  = This warning can be suppressed with '#[allow(duplicate_alias)]' applied to the 'module' or module member ('const', 'fun', or 'struct')

warning[W02021]: duplicate alias
  ┌─ /Users/cris/PROGRAMARE/FACULTATE/AN_3/crypto/projectv3/sui/sources/token.move:5:25
  │
5 │ use sui::object::{Self, UID};
  │                         ^^^ Unnecessary alias 'UID' for module member 'sui::object::UID'. This alias is provided by default
  │
  = This warning can be suppressed with '#[allow(duplicate_alias)]' applied to the 'module' or module member ('const', 'fun', or 'struct')

warning[W02021]: duplicate alias
  ┌─ /Users/cris/PROGRAMARE/FACULTATE/AN_3/crypto/projectv3/sui/sources/token.move:6:10
  │
6 │ use std::option;
  │          ^^^^^^ Unnecessary alias 'option' for module 'std::option'. This alias is provided by default
  │
  = This warning can be suppressed with '#[allow(duplicate_alias)]' applied to the 'module' or module member ('const', 'fun', or 'struct')

warning[W09012]: unused 'mut' modifiers
   ┌─ /Users/cris/PROGRAMARE/FACULTATE/AN_3/crypto/projectv3/sui/sources/token.move:45:9
   │
45 │     mut coins: Coin<TOKEN>, // Change to take ownership of coins
   │     --- ^^^^^ The variable 'coins' is never used mutably
   │     │    
   │     Consider removing the 'mut' declaration here
   │
   = This warning can be suppressed with '#[allow(unused_let_mut)]' applied to the 'module' or module member ('const', 'fun', or 'struct')

Successfully verified dependencies on-chain against source.
RPC call failed: ErrorObject { code: ServerError(-32002), message: "Transaction validator signing failed due to issues with transaction inputs, please review the errors and try again:\n- Gas budget: 30000 is lower than min: 1000000", data: None }

Caused by:
    RPC call failed: ErrorObject { code: ServerError(-32002), message: "Transaction validator signing failed due to issues with transaction inputs, please review the errors and try again:\n- Gas budget: 30000 is lower than min: 1000000", data: None }
cris@MacBook-Pro-Cristian sui % sui client publish --gas-budget 1000000

UPDATING GIT DEPENDENCY https://github.com/MystenLabs/sui.git
INCLUDING DEPENDENCY Sui
INCLUDING DEPENDENCY MoveStdlib
BUILDING token
warning[W02021]: duplicate alias
  ┌─ /Users/cris/PROGRAMARE/FACULTATE/AN_3/crypto/projectv3/sui/sources/token.move:3:23
  │
3 │ use sui::tx_context::{Self, TxContext};
  │                       ^^^^ Unnecessary alias 'tx_context' for module 'sui::tx_context'. This alias is provided by default
  │
  = This warning can be suppressed with '#[allow(duplicate_alias)]' applied to the 'module' or module member ('const', 'fun', or 'struct')

warning[W02021]: duplicate alias
  ┌─ /Users/cris/PROGRAMARE/FACULTATE/AN_3/crypto/projectv3/sui/sources/token.move:3:29
  │
3 │ use sui::tx_context::{Self, TxContext};
  │                             ^^^^^^^^^ Unnecessary alias 'TxContext' for module member 'sui::tx_context::TxContext'. This alias is provided by default
  │
  = This warning can be suppressed with '#[allow(duplicate_alias)]' applied to the 'module' or module member ('const', 'fun', or 'struct')

warning[W02021]: duplicate alias
  ┌─ /Users/cris/PROGRAMARE/FACULTATE/AN_3/crypto/projectv3/sui/sources/token.move:4:10
  │
4 │ use sui::transfer;
  │          ^^^^^^^^ Unnecessary alias 'transfer' for module 'sui::transfer'. This alias is provided by default
  │
  = This warning can be suppressed with '#[allow(duplicate_alias)]' applied to the 'module' or module member ('const', 'fun', or 'struct')

warning[W02021]: duplicate alias
  ┌─ /Users/cris/PROGRAMARE/FACULTATE/AN_3/crypto/projectv3/sui/sources/token.move:5:19
  │
5 │ use sui::object::{Self, UID};
  │                   ^^^^ Unnecessary alias 'object' for module 'sui::object'. This alias is provided by default
  │
  = This warning can be suppressed with '#[allow(duplicate_alias)]' applied to the 'module' or module member ('const', 'fun', or 'struct')

warning[W02021]: duplicate alias
  ┌─ /Users/cris/PROGRAMARE/FACULTATE/AN_3/crypto/projectv3/sui/sources/token.move:5:25
  │
5 │ use sui::object::{Self, UID};
  │                         ^^^ Unnecessary alias 'UID' for module member 'sui::object::UID'. This alias is provided by default
  │
  = This warning can be suppressed with '#[allow(duplicate_alias)]' applied to the 'module' or module member ('const', 'fun', or 'struct')

warning[W02021]: duplicate alias
  ┌─ /Users/cris/PROGRAMARE/FACULTATE/AN_3/crypto/projectv3/sui/sources/token.move:6:10
  │
6 │ use std::option;
  │          ^^^^^^ Unnecessary alias 'option' for module 'std::option'. This alias is provided by default
  │
  = This warning can be suppressed with '#[allow(duplicate_alias)]' applied to the 'module' or module member ('const', 'fun', or 'struct')

warning[W09012]: unused 'mut' modifiers
   ┌─ /Users/cris/PROGRAMARE/FACULTATE/AN_3/crypto/projectv3/sui/sources/token.move:45:9
   │
45 │     mut coins: Coin<TOKEN>, // Change to take ownership of coins
   │     --- ^^^^^ The variable 'coins' is never used mutably
   │     │    
   │     Consider removing the 'mut' declaration here
   │
   = This warning can be suppressed with '#[allow(unused_let_mut)]' applied to the 'module' or module member ('const', 'fun', or 'struct')

Successfully verified dependencies on-chain against source.
Error executing transaction '5rGoKBVPkegxYgFtxyh7GPV3JW9kZcf6NnPbkxLBB1My': InsufficientGas
cris@MacBook-Pro-Cristian sui % sui client gas
╭────────────────────────────────────────────────────────────────────┬────────────────────┬──────────────────╮
│ gasCoinId                                                          │ mistBalance (MIST) │ suiBalance (SUI) │
├────────────────────────────────────────────────────────────────────┼────────────────────┼──────────────────┤
│ 0x4f5e5eb67a15f755d394b61a276fc3bd26f93c9b202680bdf893145dbf0fff8a │ 29999999999000000  │ 29.99M           │
│ 0x5862e615a5068aca9c869a9fe17be86cbbe6c761d258063e17f270baa4352389 │ 30000000000000000  │ 30.00M           │
│ 0xa300ac7ec83b84f1ccce52887ac36a6f1c1e6d29deb89c17caf2252c808f614f │ 30000000000000000  │ 30.00M           │
│ 0xd2525e7a6b0304aa1e1462110138bdb231e178f82017b15ee5eabb7c9136553d │ 30000000000000000  │ 30.00M           │
│ 0xfea275590fc553abf763aabfc1ba05cd100e12572ea8c90d1603330a2cc3a1e7 │ 30000000000000000  │ 30.00M           │
╰────────────────────────────────────────────────────────────────────┴────────────────────┴──────────────────╯
cris@MacBook-Pro-Cristian sui % sui client publish --gas-budget 1000000 --gas 0x5862e615a5068aca9c869a9fe17be86cbbe6c761d258063e17f270baa4352389

UPDATING GIT DEPENDENCY https://github.com/MystenLabs/sui.git
INCLUDING DEPENDENCY Sui
INCLUDING DEPENDENCY MoveStdlib
BUILDING token
warning[W02021]: duplicate alias
  ┌─ /Users/cris/PROGRAMARE/FACULTATE/AN_3/crypto/projectv3/sui/sources/token.move:3:23
  │
3 │ use sui::tx_context::{Self, TxContext};
  │                       ^^^^ Unnecessary alias 'tx_context' for module 'sui::tx_context'. This alias is provided by default
  │
  = This warning can be suppressed with '#[allow(duplicate_alias)]' applied to the 'module' or module member ('const', 'fun', or 'struct')

warning[W02021]: duplicate alias
  ┌─ /Users/cris/PROGRAMARE/FACULTATE/AN_3/crypto/projectv3/sui/sources/token.move:3:29
  │
3 │ use sui::tx_context::{Self, TxContext};
  │                             ^^^^^^^^^ Unnecessary alias 'TxContext' for module member 'sui::tx_context::TxContext'. This alias is provided by default
  │
  = This warning can be suppressed with '#[allow(duplicate_alias)]' applied to the 'module' or module member ('const', 'fun', or 'struct')

warning[W02021]: duplicate alias
  ┌─ /Users/cris/PROGRAMARE/FACULTATE/AN_3/crypto/projectv3/sui/sources/token.move:4:10
  │
4 │ use sui::transfer;
  │          ^^^^^^^^ Unnecessary alias 'transfer' for module 'sui::transfer'. This alias is provided by default
  │
  = This warning can be suppressed with '#[allow(duplicate_alias)]' applied to the 'module' or module member ('const', 'fun', or 'struct')

warning[W02021]: duplicate alias
  ┌─ /Users/cris/PROGRAMARE/FACULTATE/AN_3/crypto/projectv3/sui/sources/token.move:5:19
  │
5 │ use sui::object::{Self, UID};
  │                   ^^^^ Unnecessary alias 'object' for module 'sui::object'. This alias is provided by default
  │
  = This warning can be suppressed with '#[allow(duplicate_alias)]' applied to the 'module' or module member ('const', 'fun', or 'struct')

warning[W02021]: duplicate alias
  ┌─ /Users/cris/PROGRAMARE/FACULTATE/AN_3/crypto/projectv3/sui/sources/token.move:5:25
  │
5 │ use sui::object::{Self, UID};
  │                         ^^^ Unnecessary alias 'UID' for module member 'sui::object::UID'. This alias is provided by default
  │
  = This warning can be suppressed with '#[allow(duplicate_alias)]' applied to the 'module' or module member ('const', 'fun', or 'struct')

warning[W02021]: duplicate alias
  ┌─ /Users/cris/PROGRAMARE/FACULTATE/AN_3/crypto/projectv3/sui/sources/token.move:6:10
  │
6 │ use std::option;
  │          ^^^^^^ Unnecessary alias 'option' for module 'std::option'. This alias is provided by default
  │
  = This warning can be suppressed with '#[allow(duplicate_alias)]' applied to the 'module' or module member ('const', 'fun', or 'struct')

warning[W09012]: unused 'mut' modifiers
   ┌─ /Users/cris/PROGRAMARE/FACULTATE/AN_3/crypto/projectv3/sui/sources/token.move:45:9
   │
45 │     mut coins: Coin<TOKEN>, // Change to take ownership of coins
   │     --- ^^^^^ The variable 'coins' is never used mutably
   │     │    
   │     Consider removing the 'mut' declaration here
   │
   = This warning can be suppressed with '#[allow(unused_let_mut)]' applied to the 'module' or module member ('const', 'fun', or 'struct')

Successfully verified dependencies on-chain against source.
Error executing transaction 'Ai8TBM5YmRajA1aiJzrE7jXsGGWZToYSBX88huNtKk4d': InsufficientGas
cris@MacBook-Pro-Cristian sui % sui client object 0x5862e615a5068aca9c869a9fe17be86cbbe6c761d258063e17f270baa4352389

╭───────────────┬─────────────────────────────────────────────────────────────────────────────────────────────────────────────────────╮
│ objectId      │  0x5862e615a5068aca9c869a9fe17be86cbbe6c761d258063e17f270baa4352389                                                 │
│ version       │  2                                                                                                                  │
│ digest        │  8BN31951MFDaP6m8jefjuiFTXLsW9GHmM1MqxJ3oSsKm                                                                       │
│ objType       │  0x2::coin::Coin<0x2::sui::SUI>                                                                                     │
│ owner         │ ╭──────────────┬──────────────────────────────────────────────────────────────────────╮                             │
│               │ │ AddressOwner │  0xee03830aafe9c686a6b963b82ff0d2d02251a0f007d6ca9e85303e3ef298ad83  │                             │
│               │ ╰──────────────┴──────────────────────────────────────────────────────────────────────╯                             │
│ prevTx        │  Ai8TBM5YmRajA1aiJzrE7jXsGGWZToYSBX88huNtKk4d                                                                       │
│ storageRebate │  0                                                                                                                  │
│ content       │ ╭───────────────────┬─────────────────────────────────────────────────────────────────────────────────────────────╮ │
│               │ │ dataType          │  moveObject                                                                                 │ │
│               │ │ type              │  0x2::coin::Coin<0x2::sui::SUI>                                                             │ │
│               │ │ hasPublicTransfer │  true                                                                                       │ │
│               │ │ fields            │ ╭─────────┬───────────────────────────────────────────────────────────────────────────────╮ │ │
│               │ │                   │ │ balance │  29999999999000000                                                            │ │ │
│               │ │                   │ │ id      │ ╭────┬──────────────────────────────────────────────────────────────────────╮ │ │ │
│               │ │                   │ │         │ │ id │  0x5862e615a5068aca9c869a9fe17be86cbbe6c761d258063e17f270baa4352389  │ │ │ │
│               │ │                   │ │         │ ╰────┴──────────────────────────────────────────────────────────────────────╯ │ │ │
│               │ │                   │ ╰─────────┴───────────────────────────────────────────────────────────────────────────────╯ │ │
│               │ ╰───────────────────┴─────────────────────────────────────────────────────────────────────────────────────────────╯ │
╰───────────────┴─────────────────────────────────────────────────────────────────────────────────────────────────────────────────────╯
cris@MacBook-Pro-Cristian sui % sui client publish --gas-budget 1000000 --gas 0x5862e615a5068aca9c869a9fe17be86cbbe6c761d258063e17f270baa4352389

UPDATING GIT DEPENDENCY https://github.com/MystenLabs/sui.git
INCLUDING DEPENDENCY Sui
INCLUDING DEPENDENCY MoveStdlib
BUILDING token
warning[W02021]: duplicate alias
  ┌─ /Users/cris/PROGRAMARE/FACULTATE/AN_3/crypto/projectv3/sui/sources/token.move:3:23
  │
3 │ use sui::tx_context::{Self, TxContext};
  │                       ^^^^ Unnecessary alias 'tx_context' for module 'sui::tx_context'. This alias is provided by default
  │
  = This warning can be suppressed with '#[allow(duplicate_alias)]' applied to the 'module' or module member ('const', 'fun', or 'struct')

warning[W02021]: duplicate alias
  ┌─ /Users/cris/PROGRAMARE/FACULTATE/AN_3/crypto/projectv3/sui/sources/token.move:3:29
  │
3 │ use sui::tx_context::{Self, TxContext};
  │                             ^^^^^^^^^ Unnecessary alias 'TxContext' for module member 'sui::tx_context::TxContext'. This alias is provided by default
  │
  = This warning can be suppressed with '#[allow(duplicate_alias)]' applied to the 'module' or module member ('const', 'fun', or 'struct')

warning[W02021]: duplicate alias
  ┌─ /Users/cris/PROGRAMARE/FACULTATE/AN_3/crypto/projectv3/sui/sources/token.move:4:10
  │
4 │ use sui::transfer;
  │          ^^^^^^^^ Unnecessary alias 'transfer' for module 'sui::transfer'. This alias is provided by default
  │
  = This warning can be suppressed with '#[allow(duplicate_alias)]' applied to the 'module' or module member ('const', 'fun', or 'struct')

warning[W02021]: duplicate alias
  ┌─ /Users/cris/PROGRAMARE/FACULTATE/AN_3/crypto/projectv3/sui/sources/token.move:5:19
  │
5 │ use sui::object::{Self, UID};
  │                   ^^^^ Unnecessary alias 'object' for module 'sui::object'. This alias is provided by default
  │
  = This warning can be suppressed with '#[allow(duplicate_alias)]' applied to the 'module' or module member ('const', 'fun', or 'struct')

warning[W02021]: duplicate alias
  ┌─ /Users/cris/PROGRAMARE/FACULTATE/AN_3/crypto/projectv3/sui/sources/token.move:5:25
  │
5 │ use sui::object::{Self, UID};
  │                         ^^^ Unnecessary alias 'UID' for module member 'sui::object::UID'. This alias is provided by default
  │
  = This warning can be suppressed with '#[allow(duplicate_alias)]' applied to the 'module' or module member ('const', 'fun', or 'struct')

warning[W02021]: duplicate alias
  ┌─ /Users/cris/PROGRAMARE/FACULTATE/AN_3/crypto/projectv3/sui/sources/token.move:6:10
  │
6 │ use std::option;
  │          ^^^^^^ Unnecessary alias 'option' for module 'std::option'. This alias is provided by default
  │
  = This warning can be suppressed with '#[allow(duplicate_alias)]' applied to the 'module' or module member ('const', 'fun', or 'struct')

warning[W09012]: unused 'mut' modifiers
   ┌─ /Users/cris/PROGRAMARE/FACULTATE/AN_3/crypto/projectv3/sui/sources/token.move:45:9
   │
45 │     mut coins: Coin<TOKEN>, // Change to take ownership of coins
   │     --- ^^^^^ The variable 'coins' is never used mutably
   │     │    
   │     Consider removing the 'mut' declaration here
   │
   = This warning can be suppressed with '#[allow(unused_let_mut)]' applied to the 'module' or module member ('const', 'fun', or 'struct')

Successfully verified dependencies on-chain against source.
Error executing transaction '4oSYCQ6SeJyud9sUc3GfG4zGU6JPukSQGGZKZ2EXyruC': InsufficientGas
cris@MacBook-Pro-Cristian sui % sui client publish --gas-budget 2000000 --gas 0x5862e615a5068aca9c869a9fe17be86cbbe6c761d258063e17f270baa4352389

UPDATING GIT DEPENDENCY https://github.com/MystenLabs/sui.git
INCLUDING DEPENDENCY Sui
INCLUDING DEPENDENCY MoveStdlib
BUILDING token
warning[W02021]: duplicate alias
  ┌─ /Users/cris/PROGRAMARE/FACULTATE/AN_3/crypto/projectv3/sui/sources/token.move:3:23
  │
3 │ use sui::tx_context::{Self, TxContext};
  │                       ^^^^ Unnecessary alias 'tx_context' for module 'sui::tx_context'. This alias is provided by default
  │
  = This warning can be suppressed with '#[allow(duplicate_alias)]' applied to the 'module' or module member ('const', 'fun', or 'struct')

warning[W02021]: duplicate alias
  ┌─ /Users/cris/PROGRAMARE/FACULTATE/AN_3/crypto/projectv3/sui/sources/token.move:3:29
  │
3 │ use sui::tx_context::{Self, TxContext};
  │                             ^^^^^^^^^ Unnecessary alias 'TxContext' for module member 'sui::tx_context::TxContext'. This alias is provided by default
  │
  = This warning can be suppressed with '#[allow(duplicate_alias)]' applied to the 'module' or module member ('const', 'fun', or 'struct')

warning[W02021]: duplicate alias
  ┌─ /Users/cris/PROGRAMARE/FACULTATE/AN_3/crypto/projectv3/sui/sources/token.move:4:10
  │
4 │ use sui::transfer;
  │          ^^^^^^^^ Unnecessary alias 'transfer' for module 'sui::transfer'. This alias is provided by default
  │
  = This warning can be suppressed with '#[allow(duplicate_alias)]' applied to the 'module' or module member ('const', 'fun', or 'struct')

warning[W02021]: duplicate alias
  ┌─ /Users/cris/PROGRAMARE/FACULTATE/AN_3/crypto/projectv3/sui/sources/token.move:5:19
  │
5 │ use sui::object::{Self, UID};
  │                   ^^^^ Unnecessary alias 'object' for module 'sui::object'. This alias is provided by default
  │
  = This warning can be suppressed with '#[allow(duplicate_alias)]' applied to the 'module' or module member ('const', 'fun', or 'struct')

warning[W02021]: duplicate alias
  ┌─ /Users/cris/PROGRAMARE/FACULTATE/AN_3/crypto/projectv3/sui/sources/token.move:5:25
  │
5 │ use sui::object::{Self, UID};
  │                         ^^^ Unnecessary alias 'UID' for module member 'sui::object::UID'. This alias is provided by default
  │
  = This warning can be suppressed with '#[allow(duplicate_alias)]' applied to the 'module' or module member ('const', 'fun', or 'struct')

warning[W02021]: duplicate alias
  ┌─ /Users/cris/PROGRAMARE/FACULTATE/AN_3/crypto/projectv3/sui/sources/token.move:6:10
  │
6 │ use std::option;
  │          ^^^^^^ Unnecessary alias 'option' for module 'std::option'. This alias is provided by default
  │
  = This warning can be suppressed with '#[allow(duplicate_alias)]' applied to the 'module' or module member ('const', 'fun', or 'struct')

warning[W09012]: unused 'mut' modifiers
   ┌─ /Users/cris/PROGRAMARE/FACULTATE/AN_3/crypto/projectv3/sui/sources/token.move:45:9
   │
45 │     mut coins: Coin<TOKEN>, // Change to take ownership of coins
   │     --- ^^^^^ The variable 'coins' is never used mutably
   │     │    
   │     Consider removing the 'mut' declaration here
   │
   = This warning can be suppressed with '#[allow(unused_let_mut)]' applied to the 'module' or module member ('const', 'fun', or 'struct')

Successfully verified dependencies on-chain against source.
Error executing transaction 'c7bZVnURkgPnzyje1EoNduXu3mLQrptE2ZJPbeUeVQR': InsufficientGas
cris@MacBook-Pro-Cristian sui % sui client publish --gas-budget 1000000 --gas 0x4f5e5eb67a15f755d394b61a276fc3bd26f93c9b202680bdf893145dbf0fff8a

UPDATING GIT DEPENDENCY https://github.com/MystenLabs/sui.git
INCLUDING DEPENDENCY Sui
INCLUDING DEPENDENCY MoveStdlib
BUILDING token
warning[W02021]: duplicate alias
  ┌─ /Users/cris/PROGRAMARE/FACULTATE/AN_3/crypto/projectv3/sui/sources/token.move:3:23
  │
3 │ use sui::tx_context::{Self, TxContext};
  │                       ^^^^ Unnecessary alias 'tx_context' for module 'sui::tx_context'. This alias is provided by default
  │
  = This warning can be suppressed with '#[allow(duplicate_alias)]' applied to the 'module' or module member ('const', 'fun', or 'struct')

warning[W02021]: duplicate alias
  ┌─ /Users/cris/PROGRAMARE/FACULTATE/AN_3/crypto/projectv3/sui/sources/token.move:3:29
  │
3 │ use sui::tx_context::{Self, TxContext};
  │                             ^^^^^^^^^ Unnecessary alias 'TxContext' for module member 'sui::tx_context::TxContext'. This alias is provided by default
  │
  = This warning can be suppressed with '#[allow(duplicate_alias)]' applied to the 'module' or module member ('const', 'fun', or 'struct')

warning[W02021]: duplicate alias
  ┌─ /Users/cris/PROGRAMARE/FACULTATE/AN_3/crypto/projectv3/sui/sources/token.move:4:10
  │
4 │ use sui::transfer;
  │          ^^^^^^^^ Unnecessary alias 'transfer' for module 'sui::transfer'. This alias is provided by default
  │
  = This warning can be suppressed with '#[allow(duplicate_alias)]' applied to the 'module' or module member ('const', 'fun', or 'struct')

warning[W02021]: duplicate alias
  ┌─ /Users/cris/PROGRAMARE/FACULTATE/AN_3/crypto/projectv3/sui/sources/token.move:5:19
  │
5 │ use sui::object::{Self, UID};
  │                   ^^^^ Unnecessary alias 'object' for module 'sui::object'. This alias is provided by default
  │
  = This warning can be suppressed with '#[allow(duplicate_alias)]' applied to the 'module' or module member ('const', 'fun', or 'struct')

warning[W02021]: duplicate alias
  ┌─ /Users/cris/PROGRAMARE/FACULTATE/AN_3/crypto/projectv3/sui/sources/token.move:5:25
  │
5 │ use sui::object::{Self, UID};
  │                         ^^^ Unnecessary alias 'UID' for module member 'sui::object::UID'. This alias is provided by default
  │
  = This warning can be suppressed with '#[allow(duplicate_alias)]' applied to the 'module' or module member ('const', 'fun', or 'struct')

warning[W02021]: duplicate alias
  ┌─ /Users/cris/PROGRAMARE/FACULTATE/AN_3/crypto/projectv3/sui/sources/token.move:6:10
  │
6 │ use std::option;
  │          ^^^^^^ Unnecessary alias 'option' for module 'std::option'. This alias is provided by default
  │
  = This warning can be suppressed with '#[allow(duplicate_alias)]' applied to the 'module' or module member ('const', 'fun', or 'struct')

warning[W09012]: unused 'mut' modifiers
   ┌─ /Users/cris/PROGRAMARE/FACULTATE/AN_3/crypto/projectv3/sui/sources/token.move:45:9
   │
45 │     mut coins: Coin<TOKEN>, // Change to take ownership of coins
   │     --- ^^^^^ The variable 'coins' is never used mutably
   │     │    
   │     Consider removing the 'mut' declaration here
   │
   = This warning can be suppressed with '#[allow(unused_let_mut)]' applied to the 'module' or module member ('const', 'fun', or 'struct')

Successfully verified dependencies on-chain against source.
Error executing transaction '3BKb8tMgVp6MMW1zPx2j6TQ4GtGKyM7M2XLpqwPkqcQw': InsufficientGas
cris@MacBook-Pro-Cristian sui % sui client active-env

localnet
cris@MacBook-Pro-Cristian sui % sui client publish --gas-budget 1000000 --gas 0x5862e615a5068aca9c869a9fe17be86cbbe6c761d258063e17f270baa4352389 --serialize-output

error: unexpected argument '--serialize-output' found

  tip: a similar argument exists: '--serialize-unsigned-transaction'

Usage: sui client publish --gas <GAS> <--gas-budget <GAS_BUDGET>|--dry-run|--dev-inspect|--serialize-unsigned-transaction|--serialize-signed-transaction> [package_path]

For more information, try '--help'.
cris@MacBook-Pro-Cristian sui % sui client publish --gas-budget 1000000 --gas 0x5862e615a5068aca9c869a9fe17be86cbbe6c761d258063e17f270baa4352389 --serialize-unsigned-transaction

UPDATING GIT DEPENDENCY https://github.com/MystenLabs/sui.git
INCLUDING DEPENDENCY Sui
INCLUDING DEPENDENCY MoveStdlib
BUILDING token
warning[W02021]: duplicate alias
  ┌─ /Users/cris/PROGRAMARE/FACULTATE/AN_3/crypto/projectv3/sui/sources/token.move:3:23
  │
3 │ use sui::tx_context::{Self, TxContext};
  │                       ^^^^ Unnecessary alias 'tx_context' for module 'sui::tx_context'. This alias is provided by default
  │
  = This warning can be suppressed with '#[allow(duplicate_alias)]' applied to the 'module' or module member ('const', 'fun', or 'struct')

warning[W02021]: duplicate alias
  ┌─ /Users/cris/PROGRAMARE/FACULTATE/AN_3/crypto/projectv3/sui/sources/token.move:3:29
  │
3 │ use sui::tx_context::{Self, TxContext};
  │                             ^^^^^^^^^ Unnecessary alias 'TxContext' for module member 'sui::tx_context::TxContext'. This alias is provided by default
  │
  = This warning can be suppressed with '#[allow(duplicate_alias)]' applied to the 'module' or module member ('const', 'fun', or 'struct')

warning[W02021]: duplicate alias
  ┌─ /Users/cris/PROGRAMARE/FACULTATE/AN_3/crypto/projectv3/sui/sources/token.move:4:10
  │
4 │ use sui::transfer;
  │          ^^^^^^^^ Unnecessary alias 'transfer' for module 'sui::transfer'. This alias is provided by default
  │
  = This warning can be suppressed with '#[allow(duplicate_alias)]' applied to the 'module' or module member ('const', 'fun', or 'struct')

warning[W02021]: duplicate alias
  ┌─ /Users/cris/PROGRAMARE/FACULTATE/AN_3/crypto/projectv3/sui/sources/token.move:5:19
  │
5 │ use sui::object::{Self, UID};
  │                   ^^^^ Unnecessary alias 'object' for module 'sui::object'. This alias is provided by default
  │
  = This warning can be suppressed with '#[allow(duplicate_alias)]' applied to the 'module' or module member ('const', 'fun', or 'struct')

warning[W02021]: duplicate alias
  ┌─ /Users/cris/PROGRAMARE/FACULTATE/AN_3/crypto/projectv3/sui/sources/token.move:5:25
  │
5 │ use sui::object::{Self, UID};
  │                         ^^^ Unnecessary alias 'UID' for module member 'sui::object::UID'. This alias is provided by default
  │
  = This warning can be suppressed with '#[allow(duplicate_alias)]' applied to the 'module' or module member ('const', 'fun', or 'struct')

warning[W02021]: duplicate alias
  ┌─ /Users/cris/PROGRAMARE/FACULTATE/AN_3/crypto/projectv3/sui/sources/token.move:6:10
  │
6 │ use std::option;
  │          ^^^^^^ Unnecessary alias 'option' for module 'std::option'. This alias is provided by default
  │
  = This warning can be suppressed with '#[allow(duplicate_alias)]' applied to the 'module' or module member ('const', 'fun', or 'struct')

warning[W09012]: unused 'mut' modifiers
   ┌─ /Users/cris/PROGRAMARE/FACULTATE/AN_3/crypto/projectv3/sui/sources/token.move:45:9
   │
45 │     mut coins: Coin<TOKEN>, // Change to take ownership of coins
   │     --- ^^^^^ The variable 'coins' is never used mutably
   │     │    
   │     Consider removing the 'mut' declaration here
   │
   = This warning can be suppressed with '#[allow(unused_let_mut)]' applied to the 'module' or module member ('const', 'fun', or 'struct')

Successfully verified dependencies on-chain against source.
AAABACDuA4MKr+nGhqa5Y7gv8NLQIlGg8AfWyp6FMD4+8pitgwIEAacGoRzrCwYAAAAKAQAOAg4sAzpDBH0OBYsBmQEHpALsAQiQBGAG8AQoCpgFCwyjBVQAGAEUAgoCEwIZAhoCGwAEAgAAAAgAAQMHAQAAAgEMAQABAgIMAQABAgUMAQABAwcEAAUGAgAGCAcAAA4AAQAADwIBAAAJAwEAARIBBgEAAgkUFQEAAgsICQECAhATAQEAAxEMDQAEFQsBAQwEFhEBAQwEGREBAQgFFw4PAAMFBQcICgoQCRIGBwQHAggABwgHAAUHCwUBCAADBQYIAQcIBwQHCwUBCAALAwEIAAYIAQcIBwILBAEIAAsFAQgAAQgIAQsCAQkAAQgABwkAAgoCCgIKAgsCAQgIBwgHAgsFAQkACwQBCQABCwQBCAABCQABBwgHAQgGAQYIBwEFAQgBAgkABQELBQEIAAQHCwUBCQADBQcIBwIHCwUBCQALAwEJAAEDCEFkbWluQ2FwBENvaW4MQ29pbk1ldGFkYXRhBk9wdGlvbgVUT0tFTgtUcmVhc3VyeUNhcAlUeENvbnRleHQDVUlEA1VybARidXJuBGNvaW4PY3JlYXRlX2N1cnJlbmN5C2R1bW15X2ZpZWxkAmlkBGluaXQEbWludBFtaW50X2FuZF90cmFuc2ZlcgNuZXcEbm9uZQZvYmplY3QGb3B0aW9uFHB1YmxpY19mcmVlemVfb2JqZWN0D3B1YmxpY190cmFuc2ZlcgZzZW5kZXIFdG9rZW4IdHJhbnNmZXIKdHhfY29udGV4dAN1cmwAAAAAAAAAAAAAAAAAAAAAAAAAAAAAAAAAAAAAAAAAAAAAAAAAAAAAAAAAAAAAAAAAAAAAAAAAAAAAAAAAAAABAAAAAAAAAAAAAAAAAAAAAAAAAAAAAAAAAAAAAAAAAAIKAgMCQ1QKAgYFVG9rZW4KAhYVVG9rZW4gdG9rZW4gc2hvd2Nhc2VzAAIBDAEBAgENCAYAAAAABBkLADEJBwAHAQcCOAAKATgBDAIMAwsCOAIKAREHEgEKAS4RCzgDCwMLAS4RCzgEAgEBBAABBgsACwELAgsEOAUCAgEEAAEFCwALATgGAQIAAgAAAAAAAAAAAAAAAAAAAAAAAAAAAAAAAAAAAAAAAAABAAAAAAAAAAAAAAAAAAAAAAAAAAAAAAAAAAAAAAAAAAIBAQIAAAEAAO4Dgwqv6caGprljuC/w0tAiUaDwB9bKnoUwPj7ymK2DAVhi5hWlBorKnIaan+F76Gy75sdh0lgGPhfycLqkNSOJBAAAAAAAAAAgWQGn4chZUCCe1Gg80AzZFCyF7QoyCzlBSFbHQ3vPGaLuA4MKr+nGhqa5Y7gv8NLQIlGg8AfWyp6FMD4+8pitg+gDAAAAAAAAQEIPAAAAAAAA
cris@MacBook-Pro-Cristian sui % sui client dry-run --gas-budget 1000000 --gas 0x5862e615a5068aca9c869a9fe17be86cbbe6c761d258063e17f270baa4352389

error: unrecognized subcommand 'dry-run'

Usage: sui client [OPTIONS] [COMMAND]

For more information, try '--help'.
cris@MacBook-Pro-Cristian sui % sui client publish --gas-budget 5000000 --gas 0x5862e615a5068aca9c869a9fe17be86cbbe6c761d258063e17f270baa4352389

UPDATING GIT DEPENDENCY https://github.com/MystenLabs/sui.git
INCLUDING DEPENDENCY Sui
INCLUDING DEPENDENCY MoveStdlib
BUILDING token
warning[W02021]: duplicate alias
  ┌─ /Users/cris/PROGRAMARE/FACULTATE/AN_3/crypto/projectv3/sui/sources/token.move:3:23
  │
3 │ use sui::tx_context::{Self, TxContext};
  │                       ^^^^ Unnecessary alias 'tx_context' for module 'sui::tx_context'. This alias is provided by default
  │
  = This warning can be suppressed with '#[allow(duplicate_alias)]' applied to the 'module' or module member ('const', 'fun', or 'struct')

warning[W02021]: duplicate alias
  ┌─ /Users/cris/PROGRAMARE/FACULTATE/AN_3/crypto/projectv3/sui/sources/token.move:3:29
  │
3 │ use sui::tx_context::{Self, TxContext};
  │                             ^^^^^^^^^ Unnecessary alias 'TxContext' for module member 'sui::tx_context::TxContext'. This alias is provided by default
  │
  = This warning can be suppressed with '#[allow(duplicate_alias)]' applied to the 'module' or module member ('const', 'fun', or 'struct')

warning[W02021]: duplicate alias
  ┌─ /Users/cris/PROGRAMARE/FACULTATE/AN_3/crypto/projectv3/sui/sources/token.move:4:10
  │
4 │ use sui::transfer;
  │          ^^^^^^^^ Unnecessary alias 'transfer' for module 'sui::transfer'. This alias is provided by default
  │
  = This warning can be suppressed with '#[allow(duplicate_alias)]' applied to the 'module' or module member ('const', 'fun', or 'struct')

warning[W02021]: duplicate alias
  ┌─ /Users/cris/PROGRAMARE/FACULTATE/AN_3/crypto/projectv3/sui/sources/token.move:5:19
  │
5 │ use sui::object::{Self, UID};
  │                   ^^^^ Unnecessary alias 'object' for module 'sui::object'. This alias is provided by default
  │
  = This warning can be suppressed with '#[allow(duplicate_alias)]' applied to the 'module' or module member ('const', 'fun', or 'struct')

warning[W02021]: duplicate alias
  ┌─ /Users/cris/PROGRAMARE/FACULTATE/AN_3/crypto/projectv3/sui/sources/token.move:5:25
  │
5 │ use sui::object::{Self, UID};
  │                         ^^^ Unnecessary alias 'UID' for module member 'sui::object::UID'. This alias is provided by default
  │
  = This warning can be suppressed with '#[allow(duplicate_alias)]' applied to the 'module' or module member ('const', 'fun', or 'struct')

warning[W02021]: duplicate alias
  ┌─ /Users/cris/PROGRAMARE/FACULTATE/AN_3/crypto/projectv3/sui/sources/token.move:6:10
  │
6 │ use std::option;
  │          ^^^^^^ Unnecessary alias 'option' for module 'std::option'. This alias is provided by default
  │
  = This warning can be suppressed with '#[allow(duplicate_alias)]' applied to the 'module' or module member ('const', 'fun', or 'struct')

warning[W09012]: unused 'mut' modifiers
   ┌─ /Users/cris/PROGRAMARE/FACULTATE/AN_3/crypto/projectv3/sui/sources/token.move:45:9
   │
45 │     mut coins: Coin<TOKEN>, // Change to take ownership of coins
   │     --- ^^^^^ The variable 'coins' is never used mutably
   │     │    
   │     Consider removing the 'mut' declaration here
   │
   = This warning can be suppressed with '#[allow(unused_let_mut)]' applied to the 'module' or module member ('const', 'fun', or 'struct')

Successfully verified dependencies on-chain against source.
Error executing transaction 'E47vMD1bNC1by4vp89W9F9eW1MfoX86LgQ596pPwmCo9': InsufficientGas
cris@MacBook-Pro-Cristian sui % sui client publish --gas-budget 500000000 --gas 0x5862e615a5068aca9c869a9fe17be86cbbe6c761d258063e17f270baa4352389

UPDATING GIT DEPENDENCY https://github.com/MystenLabs/sui.git
INCLUDING DEPENDENCY Sui
INCLUDING DEPENDENCY MoveStdlib
BUILDING token
warning[W02021]: duplicate alias
  ┌─ /Users/cris/PROGRAMARE/FACULTATE/AN_3/crypto/projectv3/sui/sources/token.move:3:23
  │
3 │ use sui::tx_context::{Self, TxContext};
  │                       ^^^^ Unnecessary alias 'tx_context' for module 'sui::tx_context'. This alias is provided by default
  │
  = This warning can be suppressed with '#[allow(duplicate_alias)]' applied to the 'module' or module member ('const', 'fun', or 'struct')

warning[W02021]: duplicate alias
  ┌─ /Users/cris/PROGRAMARE/FACULTATE/AN_3/crypto/projectv3/sui/sources/token.move:3:29
  │
3 │ use sui::tx_context::{Self, TxContext};
  │                             ^^^^^^^^^ Unnecessary alias 'TxContext' for module member 'sui::tx_context::TxContext'. This alias is provided by default
  │
  = This warning can be suppressed with '#[allow(duplicate_alias)]' applied to the 'module' or module member ('const', 'fun', or 'struct')

warning[W02021]: duplicate alias
  ┌─ /Users/cris/PROGRAMARE/FACULTATE/AN_3/crypto/projectv3/sui/sources/token.move:4:10
  │
4 │ use sui::transfer;
  │          ^^^^^^^^ Unnecessary alias 'transfer' for module 'sui::transfer'. This alias is provided by default
  │
  = This warning can be suppressed with '#[allow(duplicate_alias)]' applied to the 'module' or module member ('const', 'fun', or 'struct')

warning[W02021]: duplicate alias
  ┌─ /Users/cris/PROGRAMARE/FACULTATE/AN_3/crypto/projectv3/sui/sources/token.move:5:19
  │
5 │ use sui::object::{Self, UID};
  │                   ^^^^ Unnecessary alias 'object' for module 'sui::object'. This alias is provided by default
  │
  = This warning can be suppressed with '#[allow(duplicate_alias)]' applied to the 'module' or module member ('const', 'fun', or 'struct')

warning[W02021]: duplicate alias
  ┌─ /Users/cris/PROGRAMARE/FACULTATE/AN_3/crypto/projectv3/sui/sources/token.move:5:25
  │
5 │ use sui::object::{Self, UID};
  │                         ^^^ Unnecessary alias 'UID' for module member 'sui::object::UID'. This alias is provided by default
  │
  = This warning can be suppressed with '#[allow(duplicate_alias)]' applied to the 'module' or module member ('const', 'fun', or 'struct')

warning[W02021]: duplicate alias
  ┌─ /Users/cris/PROGRAMARE/FACULTATE/AN_3/crypto/projectv3/sui/sources/token.move:6:10
  │
6 │ use std::option;
  │          ^^^^^^ Unnecessary alias 'option' for module 'std::option'. This alias is provided by default
  │
  = This warning can be suppressed with '#[allow(duplicate_alias)]' applied to the 'module' or module member ('const', 'fun', or 'struct')

warning[W09012]: unused 'mut' modifiers
   ┌─ /Users/cris/PROGRAMARE/FACULTATE/AN_3/crypto/projectv3/sui/sources/token.move:45:9
   │
45 │     mut coins: Coin<TOKEN>, // Change to take ownership of coins
   │     --- ^^^^^ The variable 'coins' is never used mutably
   │     │    
   │     Consider removing the 'mut' declaration here
   │
   = This warning can be suppressed with '#[allow(unused_let_mut)]' applied to the 'module' or module member ('const', 'fun', or 'struct')

Successfully verified dependencies on-chain against source.
Transaction Digest: 47kQ2DMXyRihdYRuba9ak62Fix6G5uEuoCYMrBvYKAQY
╭──────────────────────────────────────────────────────────────────────────────────────────────────────────────╮
│ Transaction Data                                                                                             │
├──────────────────────────────────────────────────────────────────────────────────────────────────────────────┤
│ Sender: 0xee03830aafe9c686a6b963b82ff0d2d02251a0f007d6ca9e85303e3ef298ad83                                   │
│ Gas Owner: 0xee03830aafe9c686a6b963b82ff0d2d02251a0f007d6ca9e85303e3ef298ad83                                │
│ Gas Budget: 500000000 MIST                                                                                   │
│ Gas Price: 1000 MIST                                                                                         │
│ Gas Payment:                                                                                                 │
│  ┌──                                                                                                         │
│  │ ID: 0x5862e615a5068aca9c869a9fe17be86cbbe6c761d258063e17f270baa4352389                                    │
│  │ Version: 5                                                                                                │
│  │ Digest: 9cr43atXJ76BdgzrBFwHm8swWGQmPNhm98mVb8ThkyuF                                                      │
│  └──                                                                                                         │
│                                                                                                              │
│ Transaction Kind: Programmable                                                                               │
│ ╭──────────────────────────────────────────────────────────────────────────────────────────────────────────╮ │
│ │ Input Objects                                                                                            │ │
│ ├──────────────────────────────────────────────────────────────────────────────────────────────────────────┤ │
│ │ 0   Pure Arg: Type: address, Value: "0xee03830aafe9c686a6b963b82ff0d2d02251a0f007d6ca9e85303e3ef298ad83" │ │
│ ╰──────────────────────────────────────────────────────────────────────────────────────────────────────────╯ │
│ ╭─────────────────────────────────────────────────────────────────────────╮                                  │
│ │ Commands                                                                │                                  │
│ ├─────────────────────────────────────────────────────────────────────────┤                                  │
│ │ 0  Publish:                                                             │                                  │
│ │  ┌                                                                      │                                  │
│ │  │ Dependencies:                                                        │                                  │
│ │  │   0x0000000000000000000000000000000000000000000000000000000000000001 │                                  │
│ │  │   0x0000000000000000000000000000000000000000000000000000000000000002 │                                  │
│ │  └                                                                      │                                  │
│ │                                                                         │                                  │
│ │ 1  TransferObjects:                                                     │                                  │
│ │  ┌                                                                      │                                  │
│ │  │ Arguments:                                                           │                                  │
│ │  │   Result 0                                                           │                                  │
│ │  │ Address: Input  0                                                    │                                  │
│ │  └                                                                      │                                  │
│ ╰─────────────────────────────────────────────────────────────────────────╯                                  │
│                                                                                                              │
│ Signatures:                                                                                                  │
│    QEgWVytTg3V0yNxGwP3TLQEYtG2v8FeTDeLP9laLG6RnEbshHH+11Sh2STDycfO8keVm7OC/bqD7MchOY0AVBg==                  │
│                                                                                                              │
╰──────────────────────────────────────────────────────────────────────────────────────────────────────────────╯
╭───────────────────────────────────────────────────────────────────────────────────────────────────╮
│ Transaction Effects                                                                               │
├───────────────────────────────────────────────────────────────────────────────────────────────────┤
│ Digest: 47kQ2DMXyRihdYRuba9ak62Fix6G5uEuoCYMrBvYKAQY                                              │
│ Status: Success                                                                                   │
│ Executed Epoch: 2                                                                                 │
│                                                                                                   │
│ Created Objects:                                                                                  │
│  ┌──                                                                                              │
│  │ ID: 0x5855fbdacc7b01312473fc09593fbd54f92a1802571e15afc65f62e5f1209856                         │
│  │ Owner: Account Address ( 0xee03830aafe9c686a6b963b82ff0d2d02251a0f007d6ca9e85303e3ef298ad83 )  │
│  │ Version: 6                                                                                     │
│  │ Digest: EueZ3XjEpJCz7oXu4GBDJv6cZRy7VW1FQvuCGqxqtHrL                                           │
│  └──                                                                                              │
│  ┌──                                                                                              │
│  │ ID: 0x6b932d7b8afb0e981807785585a1c7ff6eb3fe80fcef4ced3a2532c6f1ec6577                         │
│  │ Owner: Immutable                                                                               │
│  │ Version: 1                                                                                     │
│  │ Digest: 2y7fr5vgF5B2rKB3XdRWki99rKsb8pXUxJjRwfjx1otD                                           │
│  └──                                                                                              │
│  ┌──                                                                                              │
│  │ ID: 0x762eda06b537a2c7166502c8c1b43781ba2a41bfbd7b87fcdfbc01df636ff4b6                         │
│  │ Owner: Immutable                                                                               │
│  │ Version: 6                                                                                     │
│  │ Digest: 7RjDvFZVDD2PS1EdtJQ377sGm1NuRdq8RLWsXo6CeGQ1                                           │
│  └──                                                                                              │
│  ┌──                                                                                              │
│  │ ID: 0x9ec78189298a949581bc3b2544915921d6ba8740cc3275b446d3e81473af3b8f                         │
│  │ Owner: Account Address ( 0xee03830aafe9c686a6b963b82ff0d2d02251a0f007d6ca9e85303e3ef298ad83 )  │
│  │ Version: 6                                                                                     │
│  │ Digest: DcAb34LKBHZtU7Bs4J2g4428E7MxT64ABiJM5fxxoFD1                                           │
│  └──                                                                                              │
│  ┌──                                                                                              │
│  │ ID: 0xea422f679e6d0db50fea5783368fc5ea61491c6d64f2e6b8cc852b0df6ece572                         │
│  │ Owner: Account Address ( 0xee03830aafe9c686a6b963b82ff0d2d02251a0f007d6ca9e85303e3ef298ad83 )  │
│  │ Version: 6                                                                                     │
│  │ Digest: EHK3kpf1TN9KqDvgut27zR9d2thDGHMHJQcvbFwgh81g                                           │
│  └──                                                                                              │
│ Mutated Objects:                                                                                  │
│  ┌──                                                                                              │
│  │ ID: 0x5862e615a5068aca9c869a9fe17be86cbbe6c761d258063e17f270baa4352389                         │
│  │ Owner: Account Address ( 0xee03830aafe9c686a6b963b82ff0d2d02251a0f007d6ca9e85303e3ef298ad83 )  │
│  │ Version: 6                                                                                     │
│  │ Digest: B9sgo8DWU43G3kfXwK6jTeBgpJAAQzFWYdvvqptaMB1C                                           │
│  └──                                                                                              │
│ Gas Object:                                                                                       │
│  ┌──                                                                                              │
│  │ ID: 0x5862e615a5068aca9c869a9fe17be86cbbe6c761d258063e17f270baa4352389                         │
│  │ Owner: Account Address ( 0xee03830aafe9c686a6b963b82ff0d2d02251a0f007d6ca9e85303e3ef298ad83 )  │
│  │ Version: 6                                                                                     │
│  │ Digest: B9sgo8DWU43G3kfXwK6jTeBgpJAAQzFWYdvvqptaMB1C                                           │
│  └──                                                                                              │
│ Gas Cost Summary:                                                                                 │
│    Storage Cost: 16142400 MIST                                                                    │
│    Computation Cost: 1000000 MIST                                                                 │
│    Storage Rebate: 978120 MIST                                                                    │
│    Non-refundable Storage Fee: 9880 MIST                                                          │
│                                                                                                   │
│ Transaction Dependencies:                                                                         │
│    E47vMD1bNC1by4vp89W9F9eW1MfoX86LgQ596pPwmCo9                                                   │
│    EhzVM5Jw2DhLh82gMEfQHqYkP2TVWD6i9pbsRNvzuYfg                                                   │
╰───────────────────────────────────────────────────────────────────────────────────────────────────╯
╭─────────────────────────────╮
│ No transaction block events │
╰─────────────────────────────╯

╭───────────────────────────────────────────────────────────────────────────────────────────────────────────────────────────╮
│ Object Changes                                                                                                            │
├───────────────────────────────────────────────────────────────────────────────────────────────────────────────────────────┤
│ Created Objects:                                                                                                          │
│  ┌──                                                                                                                      │
│  │ ObjectID: 0x5855fbdacc7b01312473fc09593fbd54f92a1802571e15afc65f62e5f1209856                                           │
│  │ Sender: 0xee03830aafe9c686a6b963b82ff0d2d02251a0f007d6ca9e85303e3ef298ad83                                             │
│  │ Owner: Account Address ( 0xee03830aafe9c686a6b963b82ff0d2d02251a0f007d6ca9e85303e3ef298ad83 )                          │
│  │ ObjectType: 0x2::coin::TreasuryCap<0x6b932d7b8afb0e981807785585a1c7ff6eb3fe80fcef4ced3a2532c6f1ec6577::token::TOKEN>   │
│  │ Version: 6                                                                                                             │
│  │ Digest: EueZ3XjEpJCz7oXu4GBDJv6cZRy7VW1FQvuCGqxqtHrL                                                                   │
│  └──                                                                                                                      │
│  ┌──                                                                                                                      │
│  │ ObjectID: 0x762eda06b537a2c7166502c8c1b43781ba2a41bfbd7b87fcdfbc01df636ff4b6                                           │
│  │ Sender: 0xee03830aafe9c686a6b963b82ff0d2d02251a0f007d6ca9e85303e3ef298ad83                                             │
│  │ Owner: Immutable                                                                                                       │
│  │ ObjectType: 0x2::coin::CoinMetadata<0x6b932d7b8afb0e981807785585a1c7ff6eb3fe80fcef4ced3a2532c6f1ec6577::token::TOKEN>  │
│  │ Version: 6                                                                                                             │
│  │ Digest: 7RjDvFZVDD2PS1EdtJQ377sGm1NuRdq8RLWsXo6CeGQ1                                                                   │
│  └──                                                                                                                      │
│  ┌──                                                                                                                      │
│  │ ObjectID: 0x9ec78189298a949581bc3b2544915921d6ba8740cc3275b446d3e81473af3b8f                                           │
│  │ Sender: 0xee03830aafe9c686a6b963b82ff0d2d02251a0f007d6ca9e85303e3ef298ad83                                             │
│  │ Owner: Account Address ( 0xee03830aafe9c686a6b963b82ff0d2d02251a0f007d6ca9e85303e3ef298ad83 )                          │
│  │ ObjectType: 0x2::package::UpgradeCap                                                                                   │
│  │ Version: 6                                                                                                             │
│  │ Digest: DcAb34LKBHZtU7Bs4J2g4428E7MxT64ABiJM5fxxoFD1                                                                   │
│  └──                                                                                                                      │
│  ┌──                                                                                                                      │
│  │ ObjectID: 0xea422f679e6d0db50fea5783368fc5ea61491c6d64f2e6b8cc852b0df6ece572                                           │
│  │ Sender: 0xee03830aafe9c686a6b963b82ff0d2d02251a0f007d6ca9e85303e3ef298ad83                                             │
│  │ Owner: Account Address ( 0xee03830aafe9c686a6b963b82ff0d2d02251a0f007d6ca9e85303e3ef298ad83 )                          │
│  │ ObjectType: 0x6b932d7b8afb0e981807785585a1c7ff6eb3fe80fcef4ced3a2532c6f1ec6577::token::AdminCap                        │
│  │ Version: 6                                                                                                             │
│  │ Digest: EHK3kpf1TN9KqDvgut27zR9d2thDGHMHJQcvbFwgh81g                                                                   │
│  └──                                                                                                                      │
│ Mutated Objects:                                                                                                          │
│  ┌──                                                                                                                      │
│  │ ObjectID: 0x5862e615a5068aca9c869a9fe17be86cbbe6c761d258063e17f270baa4352389                                           │
│  │ Sender: 0xee03830aafe9c686a6b963b82ff0d2d02251a0f007d6ca9e85303e3ef298ad83                                             │
│  │ Owner: Account Address ( 0xee03830aafe9c686a6b963b82ff0d2d02251a0f007d6ca9e85303e3ef298ad83 )                          │
│  │ ObjectType: 0x2::coin::Coin<0x2::sui::SUI>                                                                             │
│  │ Version: 6                                                                                                             │
│  │ Digest: B9sgo8DWU43G3kfXwK6jTeBgpJAAQzFWYdvvqptaMB1C                                                                   │
│  └──                                                                                                                      │
│ Published Objects:                                                                                                        │
│  ┌──                                                                                                                      │
│  │ PackageID: 0x6b932d7b8afb0e981807785585a1c7ff6eb3fe80fcef4ced3a2532c6f1ec6577                                          │
│  │ Version: 1                                                                                                             │
│  │ Digest: 2y7fr5vgF5B2rKB3XdRWki99rKsb8pXUxJjRwfjx1otD                                                                   │
│  │ Modules: token                                                                                                         │
│  └──                                                                                                                      │
╰───────────────────────────────────────────────────────────────────────────────────────────────────────────────────────────╯
╭───────────────────────────────────────────────────────────────────────────────────────────────────╮
│ Balance Changes                                                                                   │
├───────────────────────────────────────────────────────────────────────────────────────────────────┤
│  ┌──                                                                                              │
│  │ Owner: Account Address ( 0xee03830aafe9c686a6b963b82ff0d2d02251a0f007d6ca9e85303e3ef298ad83 )  │
│  │ CoinType: 0x2::sui::SUI                                                                        │
│  │ Amount: -16164280                                                                              │
│  └──                                                                                              │
╰───────────────────────────────────────────────────────────────────────────────────────────────────╯
cris@MacBook-Pro-Cristian sui % sui client import --key suiprivkey1qqpe6ka0z6ray5nuugq5fssa68cjz3uwem24e8uuuwmyra6n0387w8urc5m
error: unrecognized subcommand 'import'

Usage: sui client [OPTIONS] [COMMAND]

For more information, try '--help'.
cris@MacBook-Pro-Cristian sui % sui client switch --address 0xdb47e8bd66365981658f9753cf2fc3afdebc7855f79fed75e532895a9b749ad0
Address 0xdb47e8bd66365981658f9753cf2fc3afdebc7855f79fed75e532895a9b749ad0 not managed by wallet
cris@MacBook-Pro-Cristian sui % sui keytool show-address --keypair-path ~/.sui/sui_config/keypair.json

error: unrecognized subcommand 'show-address'

  tip: some similar subcommands exist: 'multi-sig-address', 'show'

Usage: sui keytool [OPTIONS] <COMMAND>

For more information, try '--help'.
cris@MacBook-Pro-Cristian sui % sui keytool list

╭────────────────────────────────────────────────────────────────────────────────────────────╮
│ ╭─────────────────┬──────────────────────────────────────────────────────────────────────╮ │
│ │ alias           │  stupefied-zircon                                                    │ │
│ │ suiAddress      │  0x34344677e14ba5a31f3dd9a500c59be01d1e6a91e16549f0b39dc4a16cb8d2d4  │ │
│ │ publicBase64Key │  ACPZf2xsQBWlLXTQTHl8I66iaeuHQ4LuHjV5TawpEpDJ                        │ │
│ │ keyScheme       │  ed25519                                                             │ │
│ │ flag            │  0                                                                   │ │
│ │ peerId          │  23d97f6c6c4015a52d74d04c797c23aea269eb874382ee1e35794dac291290c9    │ │
│ ╰─────────────────┴──────────────────────────────────────────────────────────────────────╯ │
│ ╭─────────────────┬──────────────────────────────────────────────────────────────────────╮ │
│ │ alias           │  pedantic-obsidian                                                   │ │
│ │ suiAddress      │  0x40f4bccf4b81c31cceb0c0eb8ff85040db5d1295745eb33822c54cb36fa60adf  │ │
│ │ publicBase64Key │  AJhE9ddQmIqIPKNljpr5QEVNe+5D+Nw4MyXFRNIOsLbE                        │ │
│ │ keyScheme       │  ed25519                                                             │ │
│ │ flag            │  0                                                                   │ │
│ │ peerId          │  9844f5d750988a883ca3658e9af940454d7bee43f8dc383325c544d20eb0b6c4    │ │
│ ╰─────────────────┴──────────────────────────────────────────────────────────────────────╯ │
│ ╭─────────────────┬──────────────────────────────────────────────────────────────────────╮ │
│ │ alias           │  loving-malachite                                                    │ │
│ │ suiAddress      │  0x483d7df9ed19f23c183246be1c4dc1bd5647a7c5102e92f7c40ca9df10676a35  │ │
│ │ publicBase64Key │  AGb/5axIXmhhEeCWULmwHIpOC6ffZFumWht39PxygR10                        │ │
│ │ keyScheme       │  ed25519                                                             │ │
│ │ flag            │  0                                                                   │ │
│ │ peerId          │  66ffe5ac485e686111e09650b9b01c8a4e0ba7df645ba65a1b77f4fc72811d74    │ │
│ ╰─────────────────┴──────────────────────────────────────────────────────────────────────╯ │
│ ╭─────────────────┬──────────────────────────────────────────────────────────────────────╮ │
│ │ alias           │  affectionate-plasma                                                 │ │
│ │ suiAddress      │  0x8f6aa4e334803fac89d079859257e5d69eb583c9c56a97de0be1e60e8c6a06f1  │ │
│ │ publicBase64Key │  AIvQEGlsCtgoQ+TeON1GC+yOewj34bJzeCwf5UCx33Gq                        │ │
│ │ keyScheme       │  ed25519                                                             │ │
│ │ flag            │  0                                                                   │ │
│ │ peerId          │  8bd010696c0ad82843e4de38dd460bec8e7b08f7e1b273782c1fe540b1df71aa    │ │
│ ╰─────────────────┴──────────────────────────────────────────────────────────────────────╯ │
│ ╭─────────────────┬──────────────────────────────────────────────────────────────────────╮ │
│ │ alias           │  epic-beryl                                                          │ │
│ │ suiAddress      │  0xee03830aafe9c686a6b963b82ff0d2d02251a0f007d6ca9e85303e3ef298ad83  │ │
│ │ publicBase64Key │  AB6hnfE80MAIf+RMnwFNpyhdZi3cwMFIEvliUsdVa355                        │ │
│ │ keyScheme       │  ed25519                                                             │ │
│ │ flag            │  0                                                                   │ │
│ │ peerId          │  1ea19df13cd0c0087fe44c9f014da7285d662ddcc0c14812f96252c7556b7e79    │ │
│ ╰─────────────────┴──────────────────────────────────────────────────────────────────────╯ │
╰────────────────────────────────────────────────────────────────────────────────────────────╯
cris@MacBook-Pro-Cristian sui % sui keytool convert suiprivkey1qqpe6ka0z6ray5nuugq5fssa68cjz3uwem24e8uuuwmyra6n0387w8urc5m
╭────────────────┬──────────────────────────────────────────────────────────────────────────╮
│ bech32WithFlag │  suiprivkey1qqpe6ka0z6ray5nuugq5fssa68cjz3uwem24e8uuuwmyra6n0387w8urc5m  │
│ base64WithFlag │  AAOdW68Wh9JSfOIBRMId0fEhR47O1VyfnOO2QfdTfE/n                            │
│ hexWithoutFlag │  039d5baf1687d2527ce20144c21dd1f121478eced55c9f9ce3b641f7537c4fe7        │
│ scheme         │  ed25519                                                                 │
╰────────────────┴──────────────────────────────────────────────────────────────────────────╯
cris@MacBook-Pro-Cristian sui % sui client addresses
╭─────────────────────┬────────────────────────────────────────────────────────────────────┬────────────────╮
│ alias               │ address                                                            │ active address │
├─────────────────────┼────────────────────────────────────────────────────────────────────┼────────────────┤
│ stupefied-zircon    │ 0x34344677e14ba5a31f3dd9a500c59be01d1e6a91e16549f0b39dc4a16cb8d2d4 │                │
│ pedantic-obsidian   │ 0x40f4bccf4b81c31cceb0c0eb8ff85040db5d1295745eb33822c54cb36fa60adf │                │
│ loving-malachite    │ 0x483d7df9ed19f23c183246be1c4dc1bd5647a7c5102e92f7c40ca9df10676a35 │                │
│ affectionate-plasma │ 0x8f6aa4e334803fac89d079859257e5d69eb583c9c56a97de0be1e60e8c6a06f1 │                │
│ epic-beryl          │ 0xee03830aafe9c686a6b963b82ff0d2d02251a0f007d6ca9e85303e3ef298ad83 │ *              │
╰─────────────────────┴────────────────────────────────────────────────────────────────────┴────────────────╯
cris@MacBook-Pro-Cristian sui % sui client addresses
╭─────────────────────┬────────────────────────────────────────────────────────────────────┬────────────────╮
│ alias               │ address                                                            │ active address │
├─────────────────────┼────────────────────────────────────────────────────────────────────┼────────────────┤
│ stupefied-zircon    │ 0x34344677e14ba5a31f3dd9a500c59be01d1e6a91e16549f0b39dc4a16cb8d2d4 │                │
│ pedantic-obsidian   │ 0x40f4bccf4b81c31cceb0c0eb8ff85040db5d1295745eb33822c54cb36fa60adf │                │
│ loving-malachite    │ 0x483d7df9ed19f23c183246be1c4dc1bd5647a7c5102e92f7c40ca9df10676a35 │                │
│ affectionate-plasma │ 0x8f6aa4e334803fac89d079859257e5d69eb583c9c56a97de0be1e60e8c6a06f1 │                │
│ epic-beryl          │ 0xee03830aafe9c686a6b963b82ff0d2d02251a0f007d6ca9e85303e3ef298ad83 │ *              │
╰─────────────────────┴────────────────────────────────────────────────────────────────────┴────────────────╯
cris@MacBook-Pro-Cristian sui % sui client addresses
╭─────────────────────┬────────────────────────────────────────────────────────────────────┬────────────────╮
│ alias               │ address                                                            │ active address │
├─────────────────────┼────────────────────────────────────────────────────────────────────┼────────────────┤
│ stupefied-zircon    │ 0x34344677e14ba5a31f3dd9a500c59be01d1e6a91e16549f0b39dc4a16cb8d2d4 │                │
│ pedantic-obsidian   │ 0x40f4bccf4b81c31cceb0c0eb8ff85040db5d1295745eb33822c54cb36fa60adf │                │
│ loving-malachite    │ 0x483d7df9ed19f23c183246be1c4dc1bd5647a7c5102e92f7c40ca9df10676a35 │                │
│ affectionate-plasma │ 0x8f6aa4e334803fac89d079859257e5d69eb583c9c56a97de0be1e60e8c6a06f1 │                │
│ epic-beryl          │ 0xee03830aafe9c686a6b963b82ff0d2d02251a0f007d6ca9e85303e3ef298ad83 │ *              │
╰─────────────────────┴────────────────────────────────────────────────────────────────────┴────────────────╯
cris@MacBook-Pro-Cristian sui % sui client switch --address 0xdb47e8bd66365981658f9753cf2fc3afdebc7855f79fed75e532895a9b749ad0
Active address switched to 0xdb47e8bd66365981658f9753cf2fc3afdebc7855f79fed75e532895a9b749ad0
cris@MacBook-Pro-Cristian sui % sui client active-address

0xdb47e8bd66365981658f9753cf2fc3afdebc7855f79fed75e532895a9b749ad0
cris@MacBook-Pro-Cristian sui % sui client gas

No gas coins are owned by this address
cris@MacBook-Pro-Cristian sui % sui client faucet

error sending request for url (http://127.0.0.1:9123/gas)

Caused by:
    0: client error (Connect)
    1: tcp connect error: Connection refused (os error 61)
    2: Connection refused (os error 61)
cris@MacBook-Pro-Cristian sui % sui client addresses

╭─────────────────────┬────────────────────────────────────────────────────────────────────┬────────────────╮
│ alias               │ address                                                            │ active address │
├─────────────────────┼────────────────────────────────────────────────────────────────────┼────────────────┤
│ stupefied-zircon    │ 0x34344677e14ba5a31f3dd9a500c59be01d1e6a91e16549f0b39dc4a16cb8d2d4 │                │
│ pedantic-obsidian   │ 0x40f4bccf4b81c31cceb0c0eb8ff85040db5d1295745eb33822c54cb36fa60adf │                │
│ loving-malachite    │ 0x483d7df9ed19f23c183246be1c4dc1bd5647a7c5102e92f7c40ca9df10676a35 │                │
│ affectionate-plasma │ 0x8f6aa4e334803fac89d079859257e5d69eb583c9c56a97de0be1e60e8c6a06f1 │                │
│ epic-beryl          │ 0xee03830aafe9c686a6b963b82ff0d2d02251a0f007d6ca9e85303e3ef298ad83 │                │
╰─────────────────────┴────────────────────────────────────────────────────────────────────┴────────────────╯
cris@MacBook-Pro-Cristian sui % sui client gas --address 0x34344677e14ba5a31f3dd9a500c59be01d1e6a91e16549f0b39dc4a16cb8d2d4
error: unexpected argument '--address' found

  tip: to pass '--address' as a value, use '-- --address'

Usage: sui client gas [OPTIONS] [owner_address]

For more information, try '--help'.
cris@MacBook-Pro-Cristian sui % sui client gas 0x34344677e14ba5a31f3dd9a500c59be01d1e6a91e16549f0b39dc4a16cb8d2d4

╭────────────────────────────────────────────────────────────────────┬────────────────────┬──────────────────╮
│ gasCoinId                                                          │ mistBalance (MIST) │ suiBalance (SUI) │
├────────────────────────────────────────────────────────────────────┼────────────────────┼──────────────────┤
│ 0x234e3fe996be9b5a279508b5745e71dfe67a0533af9d0c712222e48ddcfa91e5 │ 30000000000000000  │ 30.00M           │
│ 0x29205e76714ec35eb1aa7a6c67e975af1ee8b682742ad07db9f2cd7d36e9686e │ 30000000000000000  │ 30.00M           │
│ 0x2fc70c3f0561d1ee2933bcf149c57d1395d89fbe795d21106cd9f01fb6b8abd2 │ 30000000000000000  │ 30.00M           │
│ 0xc79211fc61dd33eddca082337939478aac1cdba5b75f1ef0fefb2a8c1898b38d │ 30000000000000000  │ 30.00M           │
│ 0xfd33fde922074fe606e05f44b4f45180db83d8a3df011ca1e33f87a865bdd82c │ 30000000000000000  │ 30.00M           │
╰────────────────────────────────────────────────────────────────────┴────────────────────┴──────────────────╯
cris@MacBook-Pro-Cristian sui % sui client transfer --to 0xdb47e8bd66365981658f9753cf2fc3afdebc7855f79fed75e532895a9b749ad0 --object-id 0x34344677e14ba5a31f3dd9a500c59be01d1e6a91e16549f0b39dc4a16cb8d2d4 --gas-budget 1000
Object 0x34344677e14ba5a31f3dd9a500c59be01d1e6a91e16549f0b39dc4a16cb8d2d4 does not exist
cris@MacBook-Pro-Cristian sui % sui client transfer --to 0xdb47e8bd66365981658f9753cf2fc3afdebc7855f79fed75e532895a9b749ad0 --object-id 0x234e3fe996be9b5a279508b5745e71dfe67a0533af9d0c712222e48ddcfa91e5 --gas-budget 1000
RPC call failed: ErrorObject { code: ServerError(-32002), message: "Transaction validator signing failed due to issues with transaction inputs, please review the errors and try again:\n- Gas budget: 1000 is lower than min: 1000000", data: None }

Caused by:
    RPC call failed: ErrorObject { code: ServerError(-32002), message: "Transaction validator signing failed due to issues with transaction inputs, please review the errors and try again:\n- Gas budget: 1000 is lower than min: 1000000", data: None }
cris@MacBook-Pro-Cristian sui % sui client publish --gas-budget 500000000 --gas 0xdb47e8bd66365981658f9753cf2fc3afdebc7855f79fed75e532895a9b749ad0
Object 0xdb47e8bd66365981658f9753cf2fc3afdebc7855f79fed75e532895a9b749ad0 does not exist
cris@MacBook-Pro-Cristian sui % sui client publish
UPDATING GIT DEPENDENCY https://github.com/MystenLabs/sui.git
remote: Enumerating objects: 771, done.
remote: Counting objects: 100% (508/508), done.
remote: Compressing objects: 100% (107/107), done.
remote: Total 771 (delta 446), reused 430 (delta 401), pack-reused 263 (from 2)
Receiving objects: 100% (771/771), 2.49 MiB | 11.66 MiB/s, done.
Resolving deltas: 100% (466/466), completed with 124 local objects.
From https://github.com/MystenLabs/sui
 * [new branch]            amnn/idx-tx-obj -> origin/amnn/idx-tx-obj
 + 93189b4b94...cff7ae5b03 dario/tx_ctx    -> origin/dario/tx_ctx  (forced update)
   e1a63459c0..b0dcc40047  ds/fix-vector-macro-once-again -> origin/ds/fix-vector-macro-once-again
 + 7ffa742181...d83136d9ab gh-pages        -> origin/gh-pages  (forced update)
   d487c2ceb7..989f480f69  main            -> origin/main
 + 7dd8da1954...ce7a97f0b1 mlogan-consensus-output-lookup-sparse -> origin/mlogan-consensus-output-lookup-sparse  (forced update)
 * [new branch]            mlogan-reexecute-pending-consensus-txns -> origin/mlogan-reexecute-pending-consensus-txns
   ef0cb0a16b..9728621733  tidehunter1     -> origin/tidehunter1
 * [new tag]               sui_v1.42.0_1737741957_rel_notes -> sui_v1.42.0_1737741957_rel_notes
INCLUDING DEPENDENCY Sui
INCLUDING DEPENDENCY MoveStdlib
BUILDING token
warning[W02021]: duplicate alias
  ┌─ /Users/cris/PROGRAMARE/FACULTATE/AN_3/crypto/projectv3/sui/sources/token.move:3:23
  │
3 │ use sui::tx_context::{Self, TxContext};
  │                       ^^^^ Unnecessary alias 'tx_context' for module 'sui::tx_context'. This alias is provided by default
  │
  = This warning can be suppressed with '#[allow(duplicate_alias)]' applied to the 'module' or module member ('const', 'fun', or 'struct')

warning[W02021]: duplicate alias
  ┌─ /Users/cris/PROGRAMARE/FACULTATE/AN_3/crypto/projectv3/sui/sources/token.move:3:29
  │
3 │ use sui::tx_context::{Self, TxContext};
  │                             ^^^^^^^^^ Unnecessary alias 'TxContext' for module member 'sui::tx_context::TxContext'. This alias is provided by default
  │
  = This warning can be suppressed with '#[allow(duplicate_alias)]' applied to the 'module' or module member ('const', 'fun', or 'struct')

warning[W02021]: duplicate alias
  ┌─ /Users/cris/PROGRAMARE/FACULTATE/AN_3/crypto/projectv3/sui/sources/token.move:4:10
  │
4 │ use sui::transfer;
  │          ^^^^^^^^ Unnecessary alias 'transfer' for module 'sui::transfer'. This alias is provided by default
  │
  = This warning can be suppressed with '#[allow(duplicate_alias)]' applied to the 'module' or module member ('const', 'fun', or 'struct')

warning[W02021]: duplicate alias
  ┌─ /Users/cris/PROGRAMARE/FACULTATE/AN_3/crypto/projectv3/sui/sources/token.move:5:19
  │
5 │ use sui::object::{Self, UID};
  │                   ^^^^ Unnecessary alias 'object' for module 'sui::object'. This alias is provided by default
  │
  = This warning can be suppressed with '#[allow(duplicate_alias)]' applied to the 'module' or module member ('const', 'fun', or 'struct')

warning[W02021]: duplicate alias
  ┌─ /Users/cris/PROGRAMARE/FACULTATE/AN_3/crypto/projectv3/sui/sources/token.move:5:25
  │
5 │ use sui::object::{Self, UID};
  │                         ^^^ Unnecessary alias 'UID' for module member 'sui::object::UID'. This alias is provided by default
  │
  = This warning can be suppressed with '#[allow(duplicate_alias)]' applied to the 'module' or module member ('const', 'fun', or 'struct')

warning[W02021]: duplicate alias
  ┌─ /Users/cris/PROGRAMARE/FACULTATE/AN_3/crypto/projectv3/sui/sources/token.move:6:10
  │
6 │ use std::option;
  │          ^^^^^^ Unnecessary alias 'option' for module 'std::option'. This alias is provided by default
  │
  = This warning can be suppressed with '#[allow(duplicate_alias)]' applied to the 'module' or module member ('const', 'fun', or 'struct')

warning[W09012]: unused 'mut' modifiers
   ┌─ /Users/cris/PROGRAMARE/FACULTATE/AN_3/crypto/projectv3/sui/sources/token.move:45:9
   │
45 │     mut coins: Coin<TOKEN>, // Change to take ownership of coins
   │     --- ^^^^^ The variable 'coins' is never used mutably
   │     │    
   │     Consider removing the 'mut' declaration here
   │
   = This warning can be suppressed with '#[allow(unused_let_mut)]' applied to the 'module' or module member ('const', 'fun', or 'struct')

Successfully verified dependencies on-chain against source.
Cannot find gas coin for signer address 0xdb47e8bd66365981658f9753cf2fc3afdebc7855f79fed75e532895a9b749ad0 with amount sufficient for the required gas budget 18142400. If you are using the pay or transfer commands, you can use pay-sui or transfer-sui commands instead, which will use the only object as gas payment.
cris@MacBook-Pro-Cristian sui % sui client addresses

╭─────────────────────┬────────────────────────────────────────────────────────────────────┬────────────────╮
│ alias               │ address                                                            │ active address │
├─────────────────────┼────────────────────────────────────────────────────────────────────┼────────────────┤
│ stupefied-zircon    │ 0x34344677e14ba5a31f3dd9a500c59be01d1e6a91e16549f0b39dc4a16cb8d2d4 │                │
│ pedantic-obsidian   │ 0x40f4bccf4b81c31cceb0c0eb8ff85040db5d1295745eb33822c54cb36fa60adf │                │
│ loving-malachite    │ 0x483d7df9ed19f23c183246be1c4dc1bd5647a7c5102e92f7c40ca9df10676a35 │                │
│ affectionate-plasma │ 0x8f6aa4e334803fac89d079859257e5d69eb583c9c56a97de0be1e60e8c6a06f1 │                │
│ epic-beryl          │ 0xee03830aafe9c686a6b963b82ff0d2d02251a0f007d6ca9e85303e3ef298ad83 │                │
╰─────────────────────┴────────────────────────────────────────────────────────────────────┴────────────────╯
cris@MacBook-Pro-Cristian sui % sui client gas 0x34344677e14ba5a31f3dd9a500c59be01d1e6a91e16549f0b39dc4a16cb8d2d4

╭────────────────────────────────────────────────────────────────────┬────────────────────┬──────────────────╮
│ gasCoinId                                                          │ mistBalance (MIST) │ suiBalance (SUI) │
├────────────────────────────────────────────────────────────────────┼────────────────────┼──────────────────┤
│ 0x234e3fe996be9b5a279508b5745e71dfe67a0533af9d0c712222e48ddcfa91e5 │ 30000000000000000  │ 30.00M           │
│ 0x29205e76714ec35eb1aa7a6c67e975af1ee8b682742ad07db9f2cd7d36e9686e │ 30000000000000000  │ 30.00M           │
│ 0x2fc70c3f0561d1ee2933bcf149c57d1395d89fbe795d21106cd9f01fb6b8abd2 │ 30000000000000000  │ 30.00M           │
│ 0xc79211fc61dd33eddca082337939478aac1cdba5b75f1ef0fefb2a8c1898b38d │ 30000000000000000  │ 30.00M           │
│ 0xfd33fde922074fe606e05f44b4f45180db83d8a3df011ca1e33f87a865bdd82c │ 30000000000000000  │ 30.00M           │
╰────────────────────────────────────────────────────────────────────┴────────────────────┴──────────────────╯
cris@MacBook-Pro-Cristian sui % sui client active-address

0xdb47e8bd66365981658f9753cf2fc3afdebc7855f79fed75e532895a9b749ad0
cris@MacBook-Pro-Cristian sui % sui client transfer --to 0xdb47e8bd66365981658f9753cf2fc3afdebc7855f79fed75e532895a9b749ad0 --object-id 0x29205e76714ec35eb1aa7a6c67e975af1ee8b682742ad07db9f2cd7d36e9686e --gas-budget 1000
RPC call failed: ErrorObject { code: ServerError(-32002), message: "Transaction validator signing failed due to issues with transaction inputs, please review the errors and try again:\n- Gas budget: 1000 is lower than min: 1000000", data: None }

Caused by:
    RPC call failed: ErrorObject { code: ServerError(-32002), message: "Transaction validator signing failed due to issues with transaction inputs, please review the errors and try again:\n- Gas budget: 1000 is lower than min: 1000000", data: None }
cris@MacBook-Pro-Cristian sui % sui client transfer --to 0xdb47e8bd66365981658f9753cf2fc3afdebc7855f79fed75e532895a9b749ad0 --object-id 0x29205e76714ec35eb1aa7a6c67e975af1ee8b682742ad07db9f2cd7d36e9686e --gas-budget 500000000
Transaction Digest: BFVui98A3fg1TzsseMzC7Sh8HR1nTo75VxqejoMrDc1v
╭──────────────────────────────────────────────────────────────────────────────────────────────────────────────╮
│ Transaction Data                                                                                             │
├──────────────────────────────────────────────────────────────────────────────────────────────────────────────┤
│ Sender: 0x34344677e14ba5a31f3dd9a500c59be01d1e6a91e16549f0b39dc4a16cb8d2d4                                   │
│ Gas Owner: 0x34344677e14ba5a31f3dd9a500c59be01d1e6a91e16549f0b39dc4a16cb8d2d4                                │
│ Gas Budget: 500000000 MIST                                                                                   │
│ Gas Price: 1000 MIST                                                                                         │
│ Gas Payment:                                                                                                 │
│  ┌──                                                                                                         │
│  │ ID: 0x234e3fe996be9b5a279508b5745e71dfe67a0533af9d0c712222e48ddcfa91e5                                    │
│  │ Version: 1                                                                                                │
│  │ Digest: D972myr2S67VsFP9NvhaM6utPT4RoS811WdLvGHzqagz                                                      │
│  └──                                                                                                         │
│                                                                                                              │
│ Transaction Kind: Programmable                                                                               │
│ ╭──────────────────────────────────────────────────────────────────────────────────────────────────────────╮ │
│ │ Input Objects                                                                                            │ │
│ ├──────────────────────────────────────────────────────────────────────────────────────────────────────────┤ │
│ │ 0   Pure Arg: Type: address, Value: "0xdb47e8bd66365981658f9753cf2fc3afdebc7855f79fed75e532895a9b749ad0" │ │
│ │ 1   Imm/Owned Object ID: 0x29205e76714ec35eb1aa7a6c67e975af1ee8b682742ad07db9f2cd7d36e9686e              │ │
│ ╰──────────────────────────────────────────────────────────────────────────────────────────────────────────╯ │
│ ╭──────────────────────╮                                                                                     │
│ │ Commands             │                                                                                     │
│ ├──────────────────────┤                                                                                     │
│ │ 0  TransferObjects:  │                                                                                     │
│ │  ┌                   │                                                                                     │
│ │  │ Arguments:        │                                                                                     │
│ │  │   Input  1        │                                                                                     │
│ │  │ Address: Input  0 │                                                                                     │
│ │  └                   │                                                                                     │
│ ╰──────────────────────╯                                                                                     │
│                                                                                                              │
│ Signatures:                                                                                                  │
│    IQZcWA0vc8IKgXLs9kLR3eW05omtps40s4GVhkR8rzjcgUa+7oo1uKxqfGagXgAropOw06hW6thZ3LTnBPt8Cw==                  │
│                                                                                                              │
╰──────────────────────────────────────────────────────────────────────────────────────────────────────────────╯
╭───────────────────────────────────────────────────────────────────────────────────────────────────╮
│ Transaction Effects                                                                               │
├───────────────────────────────────────────────────────────────────────────────────────────────────┤
│ Digest: BFVui98A3fg1TzsseMzC7Sh8HR1nTo75VxqejoMrDc1v                                              │
│ Status: Success                                                                                   │
│ Executed Epoch: 2                                                                                 │
│ Mutated Objects:                                                                                  │
│  ┌──                                                                                              │
│  │ ID: 0x234e3fe996be9b5a279508b5745e71dfe67a0533af9d0c712222e48ddcfa91e5                         │
│  │ Owner: Account Address ( 0x34344677e14ba5a31f3dd9a500c59be01d1e6a91e16549f0b39dc4a16cb8d2d4 )  │
│  │ Version: 2                                                                                     │
│  │ Digest: 3KVk1qNAzkaAdN5X6zUPwhdaC521cr6ythnxZ3P4YP5M                                           │
│  └──                                                                                              │
│  ┌──                                                                                              │
│  │ ID: 0x29205e76714ec35eb1aa7a6c67e975af1ee8b682742ad07db9f2cd7d36e9686e                         │
│  │ Owner: Account Address ( 0xdb47e8bd66365981658f9753cf2fc3afdebc7855f79fed75e532895a9b749ad0 )  │
│  │ Version: 2                                                                                     │
│  │ Digest: DiaTEDgfWpzZ8DGFbv4CLnUAAbtMB4Q4fqsjYBKJtKor                                           │
│  └──                                                                                              │
│ Gas Object:                                                                                       │
│  ┌──                                                                                              │
│  │ ID: 0x234e3fe996be9b5a279508b5745e71dfe67a0533af9d0c712222e48ddcfa91e5                         │
│  │ Owner: Account Address ( 0x34344677e14ba5a31f3dd9a500c59be01d1e6a91e16549f0b39dc4a16cb8d2d4 )  │
│  │ Version: 2                                                                                     │
│  │ Digest: 3KVk1qNAzkaAdN5X6zUPwhdaC521cr6ythnxZ3P4YP5M                                           │
│  └──                                                                                              │
│ Gas Cost Summary:                                                                                 │
│    Storage Cost: 1976000 MIST                                                                     │
│    Computation Cost: 1000000 MIST                                                                 │
│    Storage Rebate: 0 MIST                                                                         │
│    Non-refundable Storage Fee: 0 MIST                                                             │
│                                                                                                   │
│ Transaction Dependencies:                                                                         │
│    EhzVM5Jw2DhLh82gMEfQHqYkP2TVWD6i9pbsRNvzuYfg                                                   │
╰───────────────────────────────────────────────────────────────────────────────────────────────────╯
╭─────────────────────────────╮
│ No transaction block events │
╰─────────────────────────────╯

╭──────────────────────────────────────────────────────────────────────────────────────────────────╮
│ Object Changes                                                                                   │
├──────────────────────────────────────────────────────────────────────────────────────────────────┤
│ Mutated Objects:                                                                                 │
│  ┌──                                                                                             │
│  │ ObjectID: 0x234e3fe996be9b5a279508b5745e71dfe67a0533af9d0c712222e48ddcfa91e5                  │
│  │ Sender: 0x34344677e14ba5a31f3dd9a500c59be01d1e6a91e16549f0b39dc4a16cb8d2d4                    │
│  │ Owner: Account Address ( 0x34344677e14ba5a31f3dd9a500c59be01d1e6a91e16549f0b39dc4a16cb8d2d4 ) │
│  │ ObjectType: 0x2::coin::Coin<0x2::sui::SUI>                                                    │
│  │ Version: 2                                                                                    │
│  │ Digest: 3KVk1qNAzkaAdN5X6zUPwhdaC521cr6ythnxZ3P4YP5M                                          │
│  └──                                                                                             │
│  ┌──                                                                                             │
│  │ ObjectID: 0x29205e76714ec35eb1aa7a6c67e975af1ee8b682742ad07db9f2cd7d36e9686e                  │
│  │ Sender: 0x34344677e14ba5a31f3dd9a500c59be01d1e6a91e16549f0b39dc4a16cb8d2d4                    │
│  │ Owner: Account Address ( 0xdb47e8bd66365981658f9753cf2fc3afdebc7855f79fed75e532895a9b749ad0 ) │
│  │ ObjectType: 0x2::coin::Coin<0x2::sui::SUI>                                                    │
│  │ Version: 2                                                                                    │
│  │ Digest: DiaTEDgfWpzZ8DGFbv4CLnUAAbtMB4Q4fqsjYBKJtKor                                          │
│  └──                                                                                             │
╰──────────────────────────────────────────────────────────────────────────────────────────────────╯
╭───────────────────────────────────────────────────────────────────────────────────────────────────╮
│ Balance Changes                                                                                   │
├───────────────────────────────────────────────────────────────────────────────────────────────────┤
│  ┌──                                                                                              │
│  │ Owner: Account Address ( 0x34344677e14ba5a31f3dd9a500c59be01d1e6a91e16549f0b39dc4a16cb8d2d4 )  │
│  │ CoinType: 0x2::sui::SUI                                                                        │
│  │ Amount: -30000000002976000                                                                     │
│  └──                                                                                              │
│  ┌──                                                                                              │
│  │ Owner: Account Address ( 0xdb47e8bd66365981658f9753cf2fc3afdebc7855f79fed75e532895a9b749ad0 )  │
│  │ CoinType: 0x2::sui::SUI                                                                        │
│  │ Amount: 30000000000000000                                                                      │
│  └──                                                                                              │
╰───────────────────────────────────────────────────────────────────────────────────────────────────╯
cris@MacBook-Pro-Cristian sui % sui client gas 0xdb47e8bd66365981658f9753cf2fc3afdebc7855f79fed75e532895a9b749ad0

╭────────────────────────────────────────────────────────────────────┬────────────────────┬──────────────────╮
│ gasCoinId                                                          │ mistBalance (MIST) │ suiBalance (SUI) │
├────────────────────────────────────────────────────────────────────┼────────────────────┼──────────────────┤
│ 0x29205e76714ec35eb1aa7a6c67e975af1ee8b682742ad07db9f2cd7d36e9686e │ 30000000000000000  │ 30.00M           │
╰────────────────────────────────────────────────────────────────────┴────────────────────┴──────────────────╯
cris@MacBook-Pro-Cristian sui % sui client publish
UPDATING GIT DEPENDENCY https://github.com/MystenLabs/sui.git
remote: Enumerating objects: 8, done.
remote: Counting objects: 100% (8/8), done.
remote: Total 8 (delta 7), reused 8 (delta 7), pack-reused 0 (from 0)
Unpacking objects: 100% (8/8), 596 bytes | 59.00 KiB/s, done.
From https://github.com/MystenLabs/sui
   b0dcc40047..3aa96095b7  ds/fix-vector-macro-once-again -> origin/ds/fix-vector-macro-once-again
INCLUDING DEPENDENCY Sui
INCLUDING DEPENDENCY MoveStdlib
BUILDING token
warning[W02021]: duplicate alias
  ┌─ /Users/cris/PROGRAMARE/FACULTATE/AN_3/crypto/projectv3/sui/sources/token.move:3:23
  │
3 │ use sui::tx_context::{Self, TxContext};
  │                       ^^^^ Unnecessary alias 'tx_context' for module 'sui::tx_context'. This alias is provided by default
  │
  = This warning can be suppressed with '#[allow(duplicate_alias)]' applied to the 'module' or module member ('const', 'fun', or 'struct')

warning[W02021]: duplicate alias
  ┌─ /Users/cris/PROGRAMARE/FACULTATE/AN_3/crypto/projectv3/sui/sources/token.move:3:29
  │
3 │ use sui::tx_context::{Self, TxContext};
  │                             ^^^^^^^^^ Unnecessary alias 'TxContext' for module member 'sui::tx_context::TxContext'. This alias is provided by default
  │
  = This warning can be suppressed with '#[allow(duplicate_alias)]' applied to the 'module' or module member ('const', 'fun', or 'struct')

warning[W02021]: duplicate alias
  ┌─ /Users/cris/PROGRAMARE/FACULTATE/AN_3/crypto/projectv3/sui/sources/token.move:4:10
  │
4 │ use sui::transfer;
  │          ^^^^^^^^ Unnecessary alias 'transfer' for module 'sui::transfer'. This alias is provided by default
  │
  = This warning can be suppressed with '#[allow(duplicate_alias)]' applied to the 'module' or module member ('const', 'fun', or 'struct')

warning[W02021]: duplicate alias
  ┌─ /Users/cris/PROGRAMARE/FACULTATE/AN_3/crypto/projectv3/sui/sources/token.move:5:19
  │
5 │ use sui::object::{Self, UID};
  │                   ^^^^ Unnecessary alias 'object' for module 'sui::object'. This alias is provided by default
  │
  = This warning can be suppressed with '#[allow(duplicate_alias)]' applied to the 'module' or module member ('const', 'fun', or 'struct')

warning[W02021]: duplicate alias
  ┌─ /Users/cris/PROGRAMARE/FACULTATE/AN_3/crypto/projectv3/sui/sources/token.move:5:25
  │
5 │ use sui::object::{Self, UID};
  │                         ^^^ Unnecessary alias 'UID' for module member 'sui::object::UID'. This alias is provided by default
  │
  = This warning can be suppressed with '#[allow(duplicate_alias)]' applied to the 'module' or module member ('const', 'fun', or 'struct')

warning[W02021]: duplicate alias
  ┌─ /Users/cris/PROGRAMARE/FACULTATE/AN_3/crypto/projectv3/sui/sources/token.move:6:10
  │
6 │ use std::option;
  │          ^^^^^^ Unnecessary alias 'option' for module 'std::option'. This alias is provided by default
  │
  = This warning can be suppressed with '#[allow(duplicate_alias)]' applied to the 'module' or module member ('const', 'fun', or 'struct')

warning[W09012]: unused 'mut' modifiers
   ┌─ /Users/cris/PROGRAMARE/FACULTATE/AN_3/crypto/projectv3/sui/sources/token.move:45:9
   │
45 │     mut coins: Coin<TOKEN>, // Change to take ownership of coins
   │     --- ^^^^^ The variable 'coins' is never used mutably
   │     │    
   │     Consider removing the 'mut' declaration here
   │
   = This warning can be suppressed with '#[allow(unused_let_mut)]' applied to the 'module' or module member ('const', 'fun', or 'struct')

Successfully verified dependencies on-chain against source.
Transaction Digest: 8DHpRXmP8pmsuKURrCJLBQKqDYoSApH18m2iZkgWtLWs
╭──────────────────────────────────────────────────────────────────────────────────────────────────────────────╮
│ Transaction Data                                                                                             │
├──────────────────────────────────────────────────────────────────────────────────────────────────────────────┤
│ Sender: 0xdb47e8bd66365981658f9753cf2fc3afdebc7855f79fed75e532895a9b749ad0                                   │
│ Gas Owner: 0xdb47e8bd66365981658f9753cf2fc3afdebc7855f79fed75e532895a9b749ad0                                │
│ Gas Budget: 18142400 MIST                                                                                    │
│ Gas Price: 1000 MIST                                                                                         │
│ Gas Payment:                                                                                                 │
│  ┌──                                                                                                         │
│  │ ID: 0x29205e76714ec35eb1aa7a6c67e975af1ee8b682742ad07db9f2cd7d36e9686e                                    │
│  │ Version: 2                                                                                                │
│  │ Digest: DiaTEDgfWpzZ8DGFbv4CLnUAAbtMB4Q4fqsjYBKJtKor                                                      │
│  └──                                                                                                         │
│                                                                                                              │
│ Transaction Kind: Programmable                                                                               │
│ ╭──────────────────────────────────────────────────────────────────────────────────────────────────────────╮ │
│ │ Input Objects                                                                                            │ │
│ ├──────────────────────────────────────────────────────────────────────────────────────────────────────────┤ │
│ │ 0   Pure Arg: Type: address, Value: "0xdb47e8bd66365981658f9753cf2fc3afdebc7855f79fed75e532895a9b749ad0" │ │
│ ╰──────────────────────────────────────────────────────────────────────────────────────────────────────────╯ │
│ ╭─────────────────────────────────────────────────────────────────────────╮                                  │
│ │ Commands                                                                │                                  │
│ ├─────────────────────────────────────────────────────────────────────────┤                                  │
│ │ 0  Publish:                                                             │                                  │
│ │  ┌                                                                      │                                  │
│ │  │ Dependencies:                                                        │                                  │
│ │  │   0x0000000000000000000000000000000000000000000000000000000000000001 │                                  │
│ │  │   0x0000000000000000000000000000000000000000000000000000000000000002 │                                  │
│ │  └                                                                      │                                  │
│ │                                                                         │                                  │
│ │ 1  TransferObjects:                                                     │                                  │
│ │  ┌                                                                      │                                  │
│ │  │ Arguments:                                                           │                                  │
│ │  │   Result 0                                                           │                                  │
│ │  │ Address: Input  0                                                    │                                  │
│ │  └                                                                      │                                  │
│ ╰─────────────────────────────────────────────────────────────────────────╯                                  │
│                                                                                                              │
│ Signatures:                                                                                                  │
│    TdNQghjbrUpIPIxWQRYQ0QEIFKMk1W9If7rGlT8HbUgwDhH4hJZ1EoCHk0vgOh0nrNbQjqtYd/5qLm5B6j5mBg==                  │
│                                                                                                              │
╰──────────────────────────────────────────────────────────────────────────────────────────────────────────────╯
╭───────────────────────────────────────────────────────────────────────────────────────────────────╮
│ Transaction Effects                                                                               │
├───────────────────────────────────────────────────────────────────────────────────────────────────┤
│ Digest: 8DHpRXmP8pmsuKURrCJLBQKqDYoSApH18m2iZkgWtLWs                                              │
│ Status: Success                                                                                   │
│ Executed Epoch: 2                                                                                 │
│                                                                                                   │
│ Created Objects:                                                                                  │
│  ┌──                                                                                              │
│  │ ID: 0x4c221120f4d2d1ebaa33ffacd15150a0898b1f59334c1aacab74331b3497287b                         │
│  │ Owner: Immutable                                                                               │
│  │ Version: 3                                                                                     │
│  │ Digest: 9JsFCAUHipZPh5CYMBBx495VJd9XqXxMKMBVoyqEMAJb                                           │
│  └──                                                                                              │
│  ┌──                                                                                              │
│  │ ID: 0x6f4b5cd21797a906e4c01371cbc2a228be5d0b9e294fda1030cf155171911ce8                         │
│  │ Owner: Account Address ( 0xdb47e8bd66365981658f9753cf2fc3afdebc7855f79fed75e532895a9b749ad0 )  │
│  │ Version: 3                                                                                     │
│  │ Digest: Du6gtD6NGQKzeVpp2mNHfP3CkBxQgitubUdoxPsAjvtc                                           │
│  └──                                                                                              │
│  ┌──                                                                                              │
│  │ ID: 0x902b92ba4455831089a6ba18aa06eb2cc64d477dcf40587b451b92c791653e23                         │
│  │ Owner: Account Address ( 0xdb47e8bd66365981658f9753cf2fc3afdebc7855f79fed75e532895a9b749ad0 )  │
│  │ Version: 3                                                                                     │
│  │ Digest: DKSbsf6RGEfoZC2z3j3eHFtgJhapgfwUjiNHyEaCnPGj                                           │
│  └──                                                                                              │
│  ┌──                                                                                              │
│  │ ID: 0xf9b68d2dc7ea1c58981b7b13563e7bc43d10e5cb2e83242515369f72e28082d6                         │
│  │ Owner: Account Address ( 0xdb47e8bd66365981658f9753cf2fc3afdebc7855f79fed75e532895a9b749ad0 )  │
│  │ Version: 3                                                                                     │
│  │ Digest: DXD2DykNpi8xcmkCw2BcLzHBAKghmWWsyy1oKWmvrB67                                           │
│  └──                                                                                              │
│  ┌──                                                                                              │
│  │ ID: 0xfb21b7fa0a17973b3d3f3102b36354ff290bd3840c23b7e4248f22c461337387                         │
│  │ Owner: Immutable                                                                               │
│  │ Version: 1                                                                                     │
│  │ Digest: Hzv5uBKsepGt4gTQTdB9syaqR4S1n1Kz3SWqrW3h7Fc3                                           │
│  └──                                                                                              │
│ Mutated Objects:                                                                                  │
│  ┌──                                                                                              │
│  │ ID: 0x29205e76714ec35eb1aa7a6c67e975af1ee8b682742ad07db9f2cd7d36e9686e                         │
│  │ Owner: Account Address ( 0xdb47e8bd66365981658f9753cf2fc3afdebc7855f79fed75e532895a9b749ad0 )  │
│  │ Version: 3                                                                                     │
│  │ Digest: HuVrxJupXtng1MmQdcXKF8jQd6QWb7dosphQw8QUrFy4                                           │
│  └──                                                                                              │
│ Gas Object:                                                                                       │
│  ┌──                                                                                              │
│  │ ID: 0x29205e76714ec35eb1aa7a6c67e975af1ee8b682742ad07db9f2cd7d36e9686e                         │
│  │ Owner: Account Address ( 0xdb47e8bd66365981658f9753cf2fc3afdebc7855f79fed75e532895a9b749ad0 )  │
│  │ Version: 3                                                                                     │
│  │ Digest: HuVrxJupXtng1MmQdcXKF8jQd6QWb7dosphQw8QUrFy4                                           │
│  └──                                                                                              │
│ Gas Cost Summary:                                                                                 │
│    Storage Cost: 16142400 MIST                                                                    │
│    Computation Cost: 1000000 MIST                                                                 │
│    Storage Rebate: 978120 MIST                                                                    │
│    Non-refundable Storage Fee: 9880 MIST                                                          │
│                                                                                                   │
│ Transaction Dependencies:                                                                         │
│    BFVui98A3fg1TzsseMzC7Sh8HR1nTo75VxqejoMrDc1v                                                   │
│    EhzVM5Jw2DhLh82gMEfQHqYkP2TVWD6i9pbsRNvzuYfg                                                   │
╰───────────────────────────────────────────────────────────────────────────────────────────────────╯
╭─────────────────────────────╮
│ No transaction block events │
╰─────────────────────────────╯

╭───────────────────────────────────────────────────────────────────────────────────────────────────────────────────────────╮
│ Object Changes                                                                                                            │
├───────────────────────────────────────────────────────────────────────────────────────────────────────────────────────────┤
│ Created Objects:                                                                                                          │
│  ┌──                                                                                                                      │
│  │ ObjectID: 0x4c221120f4d2d1ebaa33ffacd15150a0898b1f59334c1aacab74331b3497287b                                           │
│  │ Sender: 0xdb47e8bd66365981658f9753cf2fc3afdebc7855f79fed75e532895a9b749ad0                                             │
│  │ Owner: Immutable                                                                                                       │
│  │ ObjectType: 0x2::coin::CoinMetadata<0xfb21b7fa0a17973b3d3f3102b36354ff290bd3840c23b7e4248f22c461337387::token::TOKEN>  │
│  │ Version: 3                                                                                                             │
│  │ Digest: 9JsFCAUHipZPh5CYMBBx495VJd9XqXxMKMBVoyqEMAJb                                                                   │
│  └──                                                                                                                      │
│  ┌──                                                                                                                      │
│  │ ObjectID: 0x6f4b5cd21797a906e4c01371cbc2a228be5d0b9e294fda1030cf155171911ce8                                           │
│  │ Sender: 0xdb47e8bd66365981658f9753cf2fc3afdebc7855f79fed75e532895a9b749ad0                                             │
│  │ Owner: Account Address ( 0xdb47e8bd66365981658f9753cf2fc3afdebc7855f79fed75e532895a9b749ad0 )                          │
│  │ ObjectType: 0x2::package::UpgradeCap                                                                                   │
│  │ Version: 3                                                                                                             │
│  │ Digest: Du6gtD6NGQKzeVpp2mNHfP3CkBxQgitubUdoxPsAjvtc                                                                   │
│  └──                                                                                                                      │
│  ┌──                                                                                                                      │
│  │ ObjectID: 0x902b92ba4455831089a6ba18aa06eb2cc64d477dcf40587b451b92c791653e23                                           │
│  │ Sender: 0xdb47e8bd66365981658f9753cf2fc3afdebc7855f79fed75e532895a9b749ad0                                             │
│  │ Owner: Account Address ( 0xdb47e8bd66365981658f9753cf2fc3afdebc7855f79fed75e532895a9b749ad0 )                          │
│  │ ObjectType: 0x2::coin::TreasuryCap<0xfb21b7fa0a17973b3d3f3102b36354ff290bd3840c23b7e4248f22c461337387::token::TOKEN>   │
│  │ Version: 3                                                                                                             │
│  │ Digest: DKSbsf6RGEfoZC2z3j3eHFtgJhapgfwUjiNHyEaCnPGj                                                                   │
│  └──                                                                                                                      │
│  ┌──                                                                                                                      │
│  │ ObjectID: 0xf9b68d2dc7ea1c58981b7b13563e7bc43d10e5cb2e83242515369f72e28082d6                                           │
│  │ Sender: 0xdb47e8bd66365981658f9753cf2fc3afdebc7855f79fed75e532895a9b749ad0                                             │
│  │ Owner: Account Address ( 0xdb47e8bd66365981658f9753cf2fc3afdebc7855f79fed75e532895a9b749ad0 )                          │
│  │ ObjectType: 0xfb21b7fa0a17973b3d3f3102b36354ff290bd3840c23b7e4248f22c461337387::token::AdminCap                        │
│  │ Version: 3                                                                                                             │
│  │ Digest: DXD2DykNpi8xcmkCw2BcLzHBAKghmWWsyy1oKWmvrB67                                                                   │
│  └──                                                                                                                      │
│ Mutated Objects:                                                                                                          │
│  ┌──                                                                                                                      │
│  │ ObjectID: 0x29205e76714ec35eb1aa7a6c67e975af1ee8b682742ad07db9f2cd7d36e9686e                                           │
│  │ Sender: 0xdb47e8bd66365981658f9753cf2fc3afdebc7855f79fed75e532895a9b749ad0                                             │
│  │ Owner: Account Address ( 0xdb47e8bd66365981658f9753cf2fc3afdebc7855f79fed75e532895a9b749ad0 )                          │
│  │ ObjectType: 0x2::coin::Coin<0x2::sui::SUI>                                                                             │
│  │ Version: 3                                                                                                             │
│  │ Digest: HuVrxJupXtng1MmQdcXKF8jQd6QWb7dosphQw8QUrFy4                                                                   │
│  └──                                                                                                                      │
│ Published Objects:                                                                                                        │
│  ┌──                                                                                                                      │
│  │ PackageID: 0xfb21b7fa0a17973b3d3f3102b36354ff290bd3840c23b7e4248f22c461337387                                          │
│  │ Version: 1                                                                                                             │
│  │ Digest: Hzv5uBKsepGt4gTQTdB9syaqR4S1n1Kz3SWqrW3h7Fc3                                                                   │
│  │ Modules: token                                                                                                         │
│  └──                                                                                                                      │
╰───────────────────────────────────────────────────────────────────────────────────────────────────────────────────────────╯
╭───────────────────────────────────────────────────────────────────────────────────────────────────╮
│ Balance Changes                                                                                   │
├───────────────────────────────────────────────────────────────────────────────────────────────────┤
│  ┌──                                                                                              │
│  │ Owner: Account Address ( 0xdb47e8bd66365981658f9753cf2fc3afdebc7855f79fed75e532895a9b749ad0 )  │
│  │ CoinType: 0x2::sui::SUI                                                                        │
│  │ Amount: -16164280                                                                              │
│  └──                                                                                              │
╰───────────────────────────────────────────────────────────────────────────────────────────────────╯
cris@MacBook-Pro-Cristian sui % sui client objects 0xdb47e8bd66365981658f9753cf2fc3afdebc7855f79fed75e532895a9b749ad0

╭───────────────────────────────────────────────────────────────────────────────────────╮
│ ╭────────────┬──────────────────────────────────────────────────────────────────────╮ │
│ │ objectId   │  0x29205e76714ec35eb1aa7a6c67e975af1ee8b682742ad07db9f2cd7d36e9686e  │ │
│ │ version    │  3                                                                   │ │
│ │ digest     │  +y3TkTRp7Gb5A3bL6Gc5+RNrpDeZpyeaO3qITKDXDiM=                        │ │
│ │ objectType │  0x0000..0002::coin::Coin                                            │ │
│ ╰────────────┴──────────────────────────────────────────────────────────────────────╯ │
│ ╭────────────┬──────────────────────────────────────────────────────────────────────╮ │
│ │ objectId   │  0x6f4b5cd21797a906e4c01371cbc2a228be5d0b9e294fda1030cf155171911ce8  │ │
│ │ version    │  3                                                                   │ │
│ │ digest     │  v6TgT+NDqO0zdMinlcWrCvAHLzA6DeroVr1KtAli2oU=                        │ │
│ │ objectType │  0x0000..0002::package::UpgradeCap                                   │ │
│ ╰────────────┴──────────────────────────────────────────────────────────────────────╯ │
│ ╭────────────┬──────────────────────────────────────────────────────────────────────╮ │
│ │ objectId   │  0x902b92ba4455831089a6ba18aa06eb2cc64d477dcf40587b451b92c791653e23  │ │
│ │ version    │  3                                                                   │ │
│ │ digest     │  twWlJsH3/z7w57XVVmDw2S51dh5AxjdguQp2Ml5eCkA=                        │ │
│ │ objectType │  0x0000..0002::coin::TreasuryCap                                     │ │
│ ╰────────────┴──────────────────────────────────────────────────────────────────────╯ │
│ ╭────────────┬──────────────────────────────────────────────────────────────────────╮ │
│ │ objectId   │  0xf9b68d2dc7ea1c58981b7b13563e7bc43d10e5cb2e83242515369f72e28082d6  │ │
│ │ version    │  3                                                                   │ │
│ │ digest     │  uglCevkCLePSNIonYLKoINCxnIozNx8OB+YFcJDA0kg=                        │ │
│ │ objectType │  0xfb21..7387::token::AdminCap                                       │ │
│ ╰────────────┴──────────────────────────────────────────────────────────────────────╯ │
╰───────────────────────────────────────────────────────────────────────────────────────╯
cris@MacBook-Pro-Cristian sui % sui client call --package 0xfb21b7fa0a17973b3d3f3102b36354ff290bd3840c23b7e4248f22c461337387 \
    --module token \
    --function mint \
    --args 0x902b92ba4455831089a6ba18aa06eb2cc64d477dcf40587b451b92c791653e23 \
          1000000 \
          0xdb47e8bd66365981658f9753cf2fc3afdebc7855f79fed75e532895a9b749ad0 \
          0xf9b68d2dc7ea1c58981b7b13563e7bc43d10e5cb2e83242515369f72e28082d6 \
    --gas-budget 1000000

Error executing transaction 'FkteSsT2rhRvHbJkz6oFX3sMnPXVd7sMNJh2vsbYnXWn': InsufficientGas
cris@MacBook-Pro-Cristian sui % sui client call --package 0xfb21b7fa0a17973b3d3f3102b36354ff290bd3840c23b7e4248f22c461337387 \
    --module token \
    --function mint \
    --args 0x902b92ba4455831089a6ba18aa06eb2cc64d477dcf40587b451b92c791653e23 \
          1000000 \
          0xdb47e8bd66365981658f9753cf2fc3afdebc7855f79fed75e532895a9b749ad0 \
          0xf9b68d2dc7ea1c58981b7b13563e7bc43d10e5cb2e83242515369f72e28082d6 \
    --gas-budget 500000000

Transaction Digest: 5Tsq84bddGGmu4K9WJFnUorujrHPSC1JoKCgfmHmVzDv
╭──────────────────────────────────────────────────────────────────────────────────────────────────────────────╮
│ Transaction Data                                                                                             │
├──────────────────────────────────────────────────────────────────────────────────────────────────────────────┤
│ Sender: 0xdb47e8bd66365981658f9753cf2fc3afdebc7855f79fed75e532895a9b749ad0                                   │
│ Gas Owner: 0xdb47e8bd66365981658f9753cf2fc3afdebc7855f79fed75e532895a9b749ad0                                │
│ Gas Budget: 500000000 MIST                                                                                   │
│ Gas Price: 1000 MIST                                                                                         │
│ Gas Payment:                                                                                                 │
│  ┌──                                                                                                         │
│  │ ID: 0x29205e76714ec35eb1aa7a6c67e975af1ee8b682742ad07db9f2cd7d36e9686e                                    │
│  │ Version: 4                                                                                                │
│  │ Digest: 85WRSu2UXD1tP4taaN87ucthVuiuXPCdZCuKNgUNHjGb                                                      │
│  └──                                                                                                         │
│                                                                                                              │
│ Transaction Kind: Programmable                                                                               │
│ ╭──────────────────────────────────────────────────────────────────────────────────────────────────────────╮ │
│ │ Input Objects                                                                                            │ │
│ ├──────────────────────────────────────────────────────────────────────────────────────────────────────────┤ │
│ │ 0   Imm/Owned Object ID: 0x902b92ba4455831089a6ba18aa06eb2cc64d477dcf40587b451b92c791653e23              │ │
│ │ 1   Pure Arg: Type: u64, Value: "1000000"                                                                │ │
│ │ 2   Pure Arg: Type: address, Value: "0xdb47e8bd66365981658f9753cf2fc3afdebc7855f79fed75e532895a9b749ad0" │ │
│ │ 3   Imm/Owned Object ID: 0xf9b68d2dc7ea1c58981b7b13563e7bc43d10e5cb2e83242515369f72e28082d6              │ │
│ ╰──────────────────────────────────────────────────────────────────────────────────────────────────────────╯ │
│ ╭──────────────────────────────────────────────────────────────────────────────────╮                         │
│ │ Commands                                                                         │                         │
│ ├──────────────────────────────────────────────────────────────────────────────────┤                         │
│ │ 0  MoveCall:                                                                     │                         │
│ │  ┌                                                                               │                         │
│ │  │ Function:  mint                                                               │                         │
│ │  │ Module:    token                                                              │                         │
│ │  │ Package:   0xfb21b7fa0a17973b3d3f3102b36354ff290bd3840c23b7e4248f22c461337387 │                         │
│ │  │ Arguments:                                                                    │                         │
│ │  │   Input  0                                                                    │                         │
│ │  │   Input  1                                                                    │                         │
│ │  │   Input  2                                                                    │                         │
│ │  │   Input  3                                                                    │                         │
│ │  └                                                                               │                         │
│ ╰──────────────────────────────────────────────────────────────────────────────────╯                         │
│                                                                                                              │
│ Signatures:                                                                                                  │
│    Ea6JzuFT3979vPE8hguOSVQ4+nlKbwtv4V6axnJukzwM5hhCrNVacsw4BqBdeQqk3LtCUmhh677UHxfUnZP4Aw==                  │
│                                                                                                              │
╰──────────────────────────────────────────────────────────────────────────────────────────────────────────────╯
╭───────────────────────────────────────────────────────────────────────────────────────────────────╮
│ Transaction Effects                                                                               │
├───────────────────────────────────────────────────────────────────────────────────────────────────┤
│ Digest: 5Tsq84bddGGmu4K9WJFnUorujrHPSC1JoKCgfmHmVzDv                                              │
│ Status: Success                                                                                   │
│ Executed Epoch: 2                                                                                 │
│                                                                                                   │
│ Created Objects:                                                                                  │
│  ┌──                                                                                              │
│  │ ID: 0x74eac2f19c87721a88da34d73b78e799d11697d2ed85652ab7bff6eb52203657                         │
│  │ Owner: Account Address ( 0xdb47e8bd66365981658f9753cf2fc3afdebc7855f79fed75e532895a9b749ad0 )  │
│  │ Version: 5                                                                                     │
│  │ Digest: Eva3j5fviSniVAjxdM1m7N3k4bgbeB28xKhwMGGZpP4L                                           │
│  └──                                                                                              │
│ Mutated Objects:                                                                                  │
│  ┌──                                                                                              │
│  │ ID: 0x29205e76714ec35eb1aa7a6c67e975af1ee8b682742ad07db9f2cd7d36e9686e                         │
│  │ Owner: Account Address ( 0xdb47e8bd66365981658f9753cf2fc3afdebc7855f79fed75e532895a9b749ad0 )  │
│  │ Version: 5                                                                                     │
│  │ Digest: 4wnB62Y5pbznrg5V6hxSBzpVeQD8yPeE4Vn9agp6eLAg                                           │
│  └──                                                                                              │
│  ┌──                                                                                              │
│  │ ID: 0x902b92ba4455831089a6ba18aa06eb2cc64d477dcf40587b451b92c791653e23                         │
│  │ Owner: Account Address ( 0xdb47e8bd66365981658f9753cf2fc3afdebc7855f79fed75e532895a9b749ad0 )  │
│  │ Version: 5                                                                                     │
│  │ Digest: 834VbLzNxTYpYMs6kh8qesPykRqbm5desCgbK1u9Uk1K                                           │
│  └──                                                                                              │
│  ┌──                                                                                              │
│  │ ID: 0xf9b68d2dc7ea1c58981b7b13563e7bc43d10e5cb2e83242515369f72e28082d6                         │
│  │ Owner: Account Address ( 0xdb47e8bd66365981658f9753cf2fc3afdebc7855f79fed75e532895a9b749ad0 )  │
│  │ Version: 5                                                                                     │
│  │ Digest: sxMPFgYcahVAnYp7ierun92jQrWoSXhjpxcmmTPxeLe                                            │
│  └──                                                                                              │
│ Gas Object:                                                                                       │
│  ┌──                                                                                              │
│  │ ID: 0x29205e76714ec35eb1aa7a6c67e975af1ee8b682742ad07db9f2cd7d36e9686e                         │
│  │ Owner: Account Address ( 0xdb47e8bd66365981658f9753cf2fc3afdebc7855f79fed75e532895a9b749ad0 )  │
│  │ Version: 5                                                                                     │
│  │ Digest: 4wnB62Y5pbznrg5V6hxSBzpVeQD8yPeE4Vn9agp6eLAg                                           │
│  └──                                                                                              │
│ Gas Cost Summary:                                                                                 │
│    Storage Cost: 5335200 MIST                                                                     │
│    Computation Cost: 1000000 MIST                                                                 │
│    Storage Rebate: 3957624 MIST                                                                   │
│    Non-refundable Storage Fee: 39976 MIST                                                         │
│                                                                                                   │
│ Transaction Dependencies:                                                                         │
│    8DHpRXmP8pmsuKURrCJLBQKqDYoSApH18m2iZkgWtLWs                                                   │
│    FkteSsT2rhRvHbJkz6oFX3sMnPXVd7sMNJh2vsbYnXWn                                                   │
╰───────────────────────────────────────────────────────────────────────────────────────────────────╯
╭─────────────────────────────╮
│ No transaction block events │
╰─────────────────────────────╯

╭──────────────────────────────────────────────────────────────────────────────────────────────────────────────────────────╮
│ Object Changes                                                                                                           │
├──────────────────────────────────────────────────────────────────────────────────────────────────────────────────────────┤
│ Created Objects:                                                                                                         │
│  ┌──                                                                                                                     │
│  │ ObjectID: 0x74eac2f19c87721a88da34d73b78e799d11697d2ed85652ab7bff6eb52203657                                          │
│  │ Sender: 0xdb47e8bd66365981658f9753cf2fc3afdebc7855f79fed75e532895a9b749ad0                                            │
│  │ Owner: Account Address ( 0xdb47e8bd66365981658f9753cf2fc3afdebc7855f79fed75e532895a9b749ad0 )                         │
│  │ ObjectType: 0x2::coin::Coin<0xfb21b7fa0a17973b3d3f3102b36354ff290bd3840c23b7e4248f22c461337387::token::TOKEN>         │
│  │ Version: 5                                                                                                            │
│  │ Digest: Eva3j5fviSniVAjxdM1m7N3k4bgbeB28xKhwMGGZpP4L                                                                  │
│  └──                                                                                                                     │
│ Mutated Objects:                                                                                                         │
│  ┌──                                                                                                                     │
│  │ ObjectID: 0x29205e76714ec35eb1aa7a6c67e975af1ee8b682742ad07db9f2cd7d36e9686e                                          │
│  │ Sender: 0xdb47e8bd66365981658f9753cf2fc3afdebc7855f79fed75e532895a9b749ad0                                            │
│  │ Owner: Account Address ( 0xdb47e8bd66365981658f9753cf2fc3afdebc7855f79fed75e532895a9b749ad0 )                         │
│  │ ObjectType: 0x2::coin::Coin<0x2::sui::SUI>                                                                            │
│  │ Version: 5                                                                                                            │
│  │ Digest: 4wnB62Y5pbznrg5V6hxSBzpVeQD8yPeE4Vn9agp6eLAg                                                                  │
│  └──                                                                                                                     │
│  ┌──                                                                                                                     │
│  │ ObjectID: 0x902b92ba4455831089a6ba18aa06eb2cc64d477dcf40587b451b92c791653e23                                          │
│  │ Sender: 0xdb47e8bd66365981658f9753cf2fc3afdebc7855f79fed75e532895a9b749ad0                                            │
│  │ Owner: Account Address ( 0xdb47e8bd66365981658f9753cf2fc3afdebc7855f79fed75e532895a9b749ad0 )                         │
│  │ ObjectType: 0x2::coin::TreasuryCap<0xfb21b7fa0a17973b3d3f3102b36354ff290bd3840c23b7e4248f22c461337387::token::TOKEN>  │
│  │ Version: 5                                                                                                            │
│  │ Digest: 834VbLzNxTYpYMs6kh8qesPykRqbm5desCgbK1u9Uk1K                                                                  │
│  └──                                                                                                                     │
│  ┌──                                                                                                                     │
│  │ ObjectID: 0xf9b68d2dc7ea1c58981b7b13563e7bc43d10e5cb2e83242515369f72e28082d6                                          │
│  │ Sender: 0xdb47e8bd66365981658f9753cf2fc3afdebc7855f79fed75e532895a9b749ad0                                            │
│  │ Owner: Account Address ( 0xdb47e8bd66365981658f9753cf2fc3afdebc7855f79fed75e532895a9b749ad0 )                         │
│  │ ObjectType: 0xfb21b7fa0a17973b3d3f3102b36354ff290bd3840c23b7e4248f22c461337387::token::AdminCap                       │
│  │ Version: 5                                                                                                            │
│  │ Digest: sxMPFgYcahVAnYp7ierun92jQrWoSXhjpxcmmTPxeLe                                                                   │
│  └──                                                                                                                     │
╰──────────────────────────────────────────────────────────────────────────────────────────────────────────────────────────╯
╭───────────────────────────────────────────────────────────────────────────────────────────────────╮
│ Balance Changes                                                                                   │
├───────────────────────────────────────────────────────────────────────────────────────────────────┤
│  ┌──                                                                                              │
│  │ Owner: Account Address ( 0xdb47e8bd66365981658f9753cf2fc3afdebc7855f79fed75e532895a9b749ad0 )  │
│  │ CoinType: 0x2::sui::SUI                                                                        │
│  │ Amount: -2377576                                                                               │
│  └──                                                                                              │
│  ┌──                                                                                              │
│  │ Owner: Account Address ( 0xdb47e8bd66365981658f9753cf2fc3afdebc7855f79fed75e532895a9b749ad0 )  │
│  │ CoinType: 0xfb21b7fa0a17973b3d3f3102b36354ff290bd3840c23b7e4248f22c461337387::token::TOKEN     │
│  │ Amount: 1000000                                                                                │
│  └──                                                                                              │
╰───────────────────────────────────────────────────────────────────────────────────────────────────╯
cris@MacBook-Pro-Cristian sui % sui client call \
    --package 0xfb21b7fa0a17973b3d3f3102b36354ff290bd3840c23b7e4248f22c461337387 \
    --module token \
    --function burn \
    --args 0x902b92ba4455831089a6ba18aa06eb2cc64d477dcf40587b451b92c791653e23 \
          0x74eac2f19c87721a88da34d73b78e799d11697d2ed85652ab7bff6eb52203657 \
          0xf9b68d2dc7ea1c58981b7b13563e7bc43d10e5cb2e83242515369f72e28082d6 \
    --gas-budget 500000000

Transaction Digest: B1uzeWVoG5doSVoLKdHJkSar3Eqf4ngtJiw8up6wGpcw
╭─────────────────────────────────────────────────────────────────────────────────────────────────╮
│ Transaction Data                                                                                │
├─────────────────────────────────────────────────────────────────────────────────────────────────┤
│ Sender: 0xdb47e8bd66365981658f9753cf2fc3afdebc7855f79fed75e532895a9b749ad0                      │
│ Gas Owner: 0xdb47e8bd66365981658f9753cf2fc3afdebc7855f79fed75e532895a9b749ad0                   │
│ Gas Budget: 500000000 MIST                                                                      │
│ Gas Price: 1000 MIST                                                                            │
│ Gas Payment:                                                                                    │
│  ┌──                                                                                            │
│  │ ID: 0x29205e76714ec35eb1aa7a6c67e975af1ee8b682742ad07db9f2cd7d36e9686e                       │
│  │ Version: 5                                                                                   │
│  │ Digest: 4wnB62Y5pbznrg5V6hxSBzpVeQD8yPeE4Vn9agp6eLAg                                         │
│  └──                                                                                            │
│                                                                                                 │
│ Transaction Kind: Programmable                                                                  │
│ ╭─────────────────────────────────────────────────────────────────────────────────────────────╮ │
│ │ Input Objects                                                                               │ │
│ ├─────────────────────────────────────────────────────────────────────────────────────────────┤ │
│ │ 0   Imm/Owned Object ID: 0x902b92ba4455831089a6ba18aa06eb2cc64d477dcf40587b451b92c791653e23 │ │
│ │ 1   Imm/Owned Object ID: 0x74eac2f19c87721a88da34d73b78e799d11697d2ed85652ab7bff6eb52203657 │ │
│ │ 2   Imm/Owned Object ID: 0xf9b68d2dc7ea1c58981b7b13563e7bc43d10e5cb2e83242515369f72e28082d6 │ │
│ ╰─────────────────────────────────────────────────────────────────────────────────────────────╯ │
│ ╭──────────────────────────────────────────────────────────────────────────────────╮            │
│ │ Commands                                                                         │            │
│ ├──────────────────────────────────────────────────────────────────────────────────┤            │
│ │ 0  MoveCall:                                                                     │            │
│ │  ┌                                                                               │            │
│ │  │ Function:  burn                                                               │            │
│ │  │ Module:    token                                                              │            │
│ │  │ Package:   0xfb21b7fa0a17973b3d3f3102b36354ff290bd3840c23b7e4248f22c461337387 │            │
│ │  │ Arguments:                                                                    │            │
│ │  │   Input  0                                                                    │            │
│ │  │   Input  1                                                                    │            │
│ │  │   Input  2                                                                    │            │
│ │  └                                                                               │            │
│ ╰──────────────────────────────────────────────────────────────────────────────────╯            │
│                                                                                                 │
│ Signatures:                                                                                     │
│    21HPe9JTNTEpqsxUgB637W2ZdL2TZHUlat+mnIGZTBpJxn0Z9K+oTxPrI9yAxxQ5LXRZ6vzwNYZg4D1+UO1EAg==     │
│                                                                                                 │
╰─────────────────────────────────────────────────────────────────────────────────────────────────╯
╭───────────────────────────────────────────────────────────────────────────────────────────────────╮
│ Transaction Effects                                                                               │
├───────────────────────────────────────────────────────────────────────────────────────────────────┤
│ Digest: B1uzeWVoG5doSVoLKdHJkSar3Eqf4ngtJiw8up6wGpcw                                              │
│ Status: Success                                                                                   │
│ Executed Epoch: 2                                                                                 │
│ Mutated Objects:                                                                                  │
│  ┌──                                                                                              │
│  │ ID: 0x29205e76714ec35eb1aa7a6c67e975af1ee8b682742ad07db9f2cd7d36e9686e                         │
│  │ Owner: Account Address ( 0xdb47e8bd66365981658f9753cf2fc3afdebc7855f79fed75e532895a9b749ad0 )  │
│  │ Version: 6                                                                                     │
│  │ Digest: 2kfjL2ppYATCzJS45zs4AhTv1RqCy1je9JxvX2PAoagf                                           │
│  └──                                                                                              │
│  ┌──                                                                                              │
│  │ ID: 0x902b92ba4455831089a6ba18aa06eb2cc64d477dcf40587b451b92c791653e23                         │
│  │ Owner: Account Address ( 0xdb47e8bd66365981658f9753cf2fc3afdebc7855f79fed75e532895a9b749ad0 )  │
│  │ Version: 6                                                                                     │
│  │ Digest: 5Rsi1SqoNZS2mTjZc1K7n1A2hLtJSj54oGVKRhvRbXBu                                           │
│  └──                                                                                              │
│  ┌──                                                                                              │
│  │ ID: 0xf9b68d2dc7ea1c58981b7b13563e7bc43d10e5cb2e83242515369f72e28082d6                         │
│  │ Owner: Account Address ( 0xdb47e8bd66365981658f9753cf2fc3afdebc7855f79fed75e532895a9b749ad0 )  │
│  │ Version: 6                                                                                     │
│  │ Digest: 9Mi8B2iUgrHxr8FMPb2edSXNuED4ndxNfCUdeTKoHTnE                                           │
│  └──                                                                                              │
│ Deleted Objects:                                                                                  │
│  ┌──                                                                                              │
│  │ ID: 0x74eac2f19c87721a88da34d73b78e799d11697d2ed85652ab7bff6eb52203657                         │
│  │ Version: 6                                                                                     │
│  │ Digest: 7gyGAp71YXQRoxmFBaHxofQXAipvgHyBKPyxmdSJxyvz                                           │
│  └──                                                                                              │
│ Gas Object:                                                                                       │
│  ┌──                                                                                              │
│  │ ID: 0x29205e76714ec35eb1aa7a6c67e975af1ee8b682742ad07db9f2cd7d36e9686e                         │
│  │ Owner: Account Address ( 0xdb47e8bd66365981658f9753cf2fc3afdebc7855f79fed75e532895a9b749ad0 )  │
│  │ Version: 6                                                                                     │
│  │ Digest: 2kfjL2ppYATCzJS45zs4AhTv1RqCy1je9JxvX2PAoagf                                           │
│  └──                                                                                              │
│ Gas Cost Summary:                                                                                 │
│    Storage Cost: 3997600 MIST                                                                     │
│    Computation Cost: 1000000 MIST                                                                 │
│    Storage Rebate: 5281848 MIST                                                                   │
│    Non-refundable Storage Fee: 53352 MIST                                                         │
│                                                                                                   │
│ Transaction Dependencies:                                                                         │
│    5Tsq84bddGGmu4K9WJFnUorujrHPSC1JoKCgfmHmVzDv                                                   │
│    8DHpRXmP8pmsuKURrCJLBQKqDYoSApH18m2iZkgWtLWs                                                   │
╰───────────────────────────────────────────────────────────────────────────────────────────────────╯
╭─────────────────────────────╮
│ No transaction block events │
╰─────────────────────────────╯

╭──────────────────────────────────────────────────────────────────────────────────────────────────────────────────────────╮
│ Object Changes                                                                                                           │
├──────────────────────────────────────────────────────────────────────────────────────────────────────────────────────────┤
│ Mutated Objects:                                                                                                         │
│  ┌──                                                                                                                     │
│  │ ObjectID: 0x29205e76714ec35eb1aa7a6c67e975af1ee8b682742ad07db9f2cd7d36e9686e                                          │
│  │ Sender: 0xdb47e8bd66365981658f9753cf2fc3afdebc7855f79fed75e532895a9b749ad0                                            │
│  │ Owner: Account Address ( 0xdb47e8bd66365981658f9753cf2fc3afdebc7855f79fed75e532895a9b749ad0 )                         │
│  │ ObjectType: 0x2::coin::Coin<0x2::sui::SUI>                                                                            │
│  │ Version: 6                                                                                                            │
│  │ Digest: 2kfjL2ppYATCzJS45zs4AhTv1RqCy1je9JxvX2PAoagf                                                                  │
│  └──                                                                                                                     │
│  ┌──                                                                                                                     │
│  │ ObjectID: 0x902b92ba4455831089a6ba18aa06eb2cc64d477dcf40587b451b92c791653e23                                          │
│  │ Sender: 0xdb47e8bd66365981658f9753cf2fc3afdebc7855f79fed75e532895a9b749ad0                                            │
│  │ Owner: Account Address ( 0xdb47e8bd66365981658f9753cf2fc3afdebc7855f79fed75e532895a9b749ad0 )                         │
│  │ ObjectType: 0x2::coin::TreasuryCap<0xfb21b7fa0a17973b3d3f3102b36354ff290bd3840c23b7e4248f22c461337387::token::TOKEN>  │
│  │ Version: 6                                                                                                            │
│  │ Digest: 5Rsi1SqoNZS2mTjZc1K7n1A2hLtJSj54oGVKRhvRbXBu                                                                  │
│  └──                                                                                                                     │
│  ┌──                                                                                                                     │
│  │ ObjectID: 0xf9b68d2dc7ea1c58981b7b13563e7bc43d10e5cb2e83242515369f72e28082d6                                          │
│  │ Sender: 0xdb47e8bd66365981658f9753cf2fc3afdebc7855f79fed75e532895a9b749ad0                                            │
│  │ Owner: Account Address ( 0xdb47e8bd66365981658f9753cf2fc3afdebc7855f79fed75e532895a9b749ad0 )                         │
│  │ ObjectType: 0xfb21b7fa0a17973b3d3f3102b36354ff290bd3840c23b7e4248f22c461337387::token::AdminCap                       │
│  │ Version: 6                                                                                                            │
│  │ Digest: 9Mi8B2iUgrHxr8FMPb2edSXNuED4ndxNfCUdeTKoHTnE                                                                  │
│  └──                                                                                                                     │
╰──────────────────────────────────────────────────────────────────────────────────────────────────────────────────────────╯
╭───────────────────────────────────────────────────────────────────────────────────────────────────╮
│ Balance Changes                                                                                   │
├───────────────────────────────────────────────────────────────────────────────────────────────────┤
│  ┌──                                                                                              │
│  │ Owner: Account Address ( 0xdb47e8bd66365981658f9753cf2fc3afdebc7855f79fed75e532895a9b749ad0 )  │
│  │ CoinType: 0x2::sui::SUI                                                                        │
│  │ Amount: 284248                                                                                 │
│  └──                                                                                              │
│  ┌──                                                                                              │
│  │ Owner: Account Address ( 0xdb47e8bd66365981658f9753cf2fc3afdebc7855f79fed75e532895a9b749ad0 )  │
│  │ CoinType: 0xfb21b7fa0a17973b3d3f3102b36354ff290bd3840c23b7e4248f22c461337387::token::TOKEN     │
│  │ Amount: -1000000                                                                               │
│  └──                                                                                              │
╰───────────────────────────────────────────────────────────────────────────────────────────────────╯
cris@MacBook-Pro-Cristian sui % sui client call --package 0xfb21b7fa0a17973b3d3f3102b36354ff290bd3840c23b7e4248f22c461337387 \
    --module token \
    --function mint \
    --args 0x902b92ba4455831089a6ba18aa06eb2cc64d477dcf40587b451b92c791653e23 \
          1000000 \
          0xdb47e8bd66365981658f9753cf2fc3afdebc7855f79fed75e532895a9b749ad0 \
          0xf9b68d2dc7ea1c58981b7b13563e7bc43d10e5cb2e83242515369f72e28082d6 \
    --gas-budget 1000000
Error executing transaction 'AhpjeARexXkcVEGXQ4VHpfscfCGMpbGQ4duofAPaQnjW': InsufficientGas
cris@MacBook-Pro-Cristian sui % sui client call --package 0xfb21b7fa0a17973b3d3f3102b36354ff290bd3840c23b7e4248f22c461337387 \
    --module token \
    --function mint \
    --args 0x902b92ba4455831089a6ba18aa06eb2cc64d477dcf40587b451b92c791653e23 \
          1000000 \
          0xdb47e8bd66365981658f9753cf2fc3afdebc7855f79fed75e532895a9b749ad0 \
          0xf9b68d2dc7ea1c58981b7b13563e7bc43d10e5cb2e83242515369f72e28082d6 \
    --gas-budget 50000000 
Transaction Digest: Bd34mEZi7xhiCXe4YssinHdqGiL84xk2AW3hA2iBKJ4
╭──────────────────────────────────────────────────────────────────────────────────────────────────────────────╮
│ Transaction Data                                                                                             │
├──────────────────────────────────────────────────────────────────────────────────────────────────────────────┤
│ Sender: 0xdb47e8bd66365981658f9753cf2fc3afdebc7855f79fed75e532895a9b749ad0                                   │
│ Gas Owner: 0xdb47e8bd66365981658f9753cf2fc3afdebc7855f79fed75e532895a9b749ad0                                │
│ Gas Budget: 50000000 MIST                                                                                    │
│ Gas Price: 1000 MIST                                                                                         │
│ Gas Payment:                                                                                                 │
│  ┌──                                                                                                         │
│  │ ID: 0x29205e76714ec35eb1aa7a6c67e975af1ee8b682742ad07db9f2cd7d36e9686e                                    │
│  │ Version: 7                                                                                                │
│  │ Digest: HhXC9SkAr2huvSRyEBy8Vt6VyY73zWamFVuXQ4Svrkex                                                      │
│  └──                                                                                                         │
│                                                                                                              │
│ Transaction Kind: Programmable                                                                               │
│ ╭──────────────────────────────────────────────────────────────────────────────────────────────────────────╮ │
│ │ Input Objects                                                                                            │ │
│ ├──────────────────────────────────────────────────────────────────────────────────────────────────────────┤ │
│ │ 0   Imm/Owned Object ID: 0x902b92ba4455831089a6ba18aa06eb2cc64d477dcf40587b451b92c791653e23              │ │
│ │ 1   Pure Arg: Type: u64, Value: "1000000"                                                                │ │
│ │ 2   Pure Arg: Type: address, Value: "0xdb47e8bd66365981658f9753cf2fc3afdebc7855f79fed75e532895a9b749ad0" │ │
│ │ 3   Imm/Owned Object ID: 0xf9b68d2dc7ea1c58981b7b13563e7bc43d10e5cb2e83242515369f72e28082d6              │ │
│ ╰──────────────────────────────────────────────────────────────────────────────────────────────────────────╯ │
│ ╭──────────────────────────────────────────────────────────────────────────────────╮                         │
│ │ Commands                                                                         │                         │
│ ├──────────────────────────────────────────────────────────────────────────────────┤                         │
│ │ 0  MoveCall:                                                                     │                         │
│ │  ┌                                                                               │                         │
│ │  │ Function:  mint                                                               │                         │
│ │  │ Module:    token                                                              │                         │
│ │  │ Package:   0xfb21b7fa0a17973b3d3f3102b36354ff290bd3840c23b7e4248f22c461337387 │                         │
│ │  │ Arguments:                                                                    │                         │
│ │  │   Input  0                                                                    │                         │
│ │  │   Input  1                                                                    │                         │
│ │  │   Input  2                                                                    │                         │
│ │  │   Input  3                                                                    │                         │
│ │  └                                                                               │                         │
│ ╰──────────────────────────────────────────────────────────────────────────────────╯                         │
│                                                                                                              │
│ Signatures:                                                                                                  │
│    epHv1bRvNXntRIqH245au4hKiJNWOLXBDs2Fms6Wr+9SWQ467t+CiZOhtY9BkTMuGaBMCQuKQmxf4Mny3Mx5CA==                  │
│                                                                                                              │
╰──────────────────────────────────────────────────────────────────────────────────────────────────────────────╯
╭───────────────────────────────────────────────────────────────────────────────────────────────────╮
│ Transaction Effects                                                                               │
├───────────────────────────────────────────────────────────────────────────────────────────────────┤
│ Digest: Bd34mEZi7xhiCXe4YssinHdqGiL84xk2AW3hA2iBKJ4                                               │
│ Status: Success                                                                                   │
│ Executed Epoch: 2                                                                                 │
│                                                                                                   │
│ Created Objects:                                                                                  │
│  ┌──                                                                                              │
│  │ ID: 0xc55d5e13c5e3b635e2dbafc920a250ccaf3d9a867f0a2956b4351db2ca63b2ed                         │
│  │ Owner: Account Address ( 0xdb47e8bd66365981658f9753cf2fc3afdebc7855f79fed75e532895a9b749ad0 )  │
│  │ Version: 8                                                                                     │
│  │ Digest: AmMF6ebD7G96poUpJyWCsFmQnSycefBuEjd1Lb6t1f2o                                           │
│  └──                                                                                              │
│ Mutated Objects:                                                                                  │
│  ┌──                                                                                              │
│  │ ID: 0x29205e76714ec35eb1aa7a6c67e975af1ee8b682742ad07db9f2cd7d36e9686e                         │
│  │ Owner: Account Address ( 0xdb47e8bd66365981658f9753cf2fc3afdebc7855f79fed75e532895a9b749ad0 )  │
│  │ Version: 8                                                                                     │
│  │ Digest: HTTsLj7ytrvx42c5CPfERzgzb2ij9nnuXGK3DRq6xdu6                                           │
│  └──                                                                                              │
│  ┌──                                                                                              │
│  │ ID: 0x902b92ba4455831089a6ba18aa06eb2cc64d477dcf40587b451b92c791653e23                         │
│  │ Owner: Account Address ( 0xdb47e8bd66365981658f9753cf2fc3afdebc7855f79fed75e532895a9b749ad0 )  │
│  │ Version: 8                                                                                     │
│  │ Digest: Cq1aMnoV14KtXmyQaN6PQP633TBn5bzdjQeRNaAr6f3t                                           │
│  └──                                                                                              │
│  ┌──                                                                                              │
│  │ ID: 0xf9b68d2dc7ea1c58981b7b13563e7bc43d10e5cb2e83242515369f72e28082d6                         │
│  │ Owner: Account Address ( 0xdb47e8bd66365981658f9753cf2fc3afdebc7855f79fed75e532895a9b749ad0 )  │
│  │ Version: 8                                                                                     │
│  │ Digest: F3Eeocgrnt6eXNqcWfaigs5FX61JVzMUsjgLhcxVWVwo                                           │
│  └──                                                                                              │
│ Gas Object:                                                                                       │
│  ┌──                                                                                              │
│  │ ID: 0x29205e76714ec35eb1aa7a6c67e975af1ee8b682742ad07db9f2cd7d36e9686e                         │
│  │ Owner: Account Address ( 0xdb47e8bd66365981658f9753cf2fc3afdebc7855f79fed75e532895a9b749ad0 )  │
│  │ Version: 8                                                                                     │
│  │ Digest: HTTsLj7ytrvx42c5CPfERzgzb2ij9nnuXGK3DRq6xdu6                                           │
│  └──                                                                                              │
│ Gas Cost Summary:                                                                                 │
│    Storage Cost: 5335200 MIST                                                                     │
│    Computation Cost: 1000000 MIST                                                                 │
│    Storage Rebate: 3957624 MIST                                                                   │
│    Non-refundable Storage Fee: 39976 MIST                                                         │
│                                                                                                   │
│ Transaction Dependencies:                                                                         │
│    8DHpRXmP8pmsuKURrCJLBQKqDYoSApH18m2iZkgWtLWs                                                   │
│    AhpjeARexXkcVEGXQ4VHpfscfCGMpbGQ4duofAPaQnjW                                                   │
╰───────────────────────────────────────────────────────────────────────────────────────────────────╯
╭─────────────────────────────╮
│ No transaction block events │
╰─────────────────────────────╯

╭──────────────────────────────────────────────────────────────────────────────────────────────────────────────────────────╮
│ Object Changes                                                                                                           │
├──────────────────────────────────────────────────────────────────────────────────────────────────────────────────────────┤
│ Created Objects:                                                                                                         │
│  ┌──                                                                                                                     │
│  │ ObjectID: 0xc55d5e13c5e3b635e2dbafc920a250ccaf3d9a867f0a2956b4351db2ca63b2ed                                          │
│  │ Sender: 0xdb47e8bd66365981658f9753cf2fc3afdebc7855f79fed75e532895a9b749ad0                                            │
│  │ Owner: Account Address ( 0xdb47e8bd66365981658f9753cf2fc3afdebc7855f79fed75e532895a9b749ad0 )                         │
│  │ ObjectType: 0x2::coin::Coin<0xfb21b7fa0a17973b3d3f3102b36354ff290bd3840c23b7e4248f22c461337387::token::TOKEN>         │
│  │ Version: 8                                                                                                            │
│  │ Digest: AmMF6ebD7G96poUpJyWCsFmQnSycefBuEjd1Lb6t1f2o                                                                  │
│  └──                                                                                                                     │
│ Mutated Objects:                                                                                                         │
│  ┌──                                                                                                                     │
│  │ ObjectID: 0x29205e76714ec35eb1aa7a6c67e975af1ee8b682742ad07db9f2cd7d36e9686e                                          │
│  │ Sender: 0xdb47e8bd66365981658f9753cf2fc3afdebc7855f79fed75e532895a9b749ad0                                            │
│  │ Owner: Account Address ( 0xdb47e8bd66365981658f9753cf2fc3afdebc7855f79fed75e532895a9b749ad0 )                         │
│  │ ObjectType: 0x2::coin::Coin<0x2::sui::SUI>                                                                            │
│  │ Version: 8                                                                                                            │
│  │ Digest: HTTsLj7ytrvx42c5CPfERzgzb2ij9nnuXGK3DRq6xdu6                                                                  │
│  └──                                                                                                                     │
│  ┌──                                                                                                                     │
│  │ ObjectID: 0x902b92ba4455831089a6ba18aa06eb2cc64d477dcf40587b451b92c791653e23                                          │
│  │ Sender: 0xdb47e8bd66365981658f9753cf2fc3afdebc7855f79fed75e532895a9b749ad0                                            │
│  │ Owner: Account Address ( 0xdb47e8bd66365981658f9753cf2fc3afdebc7855f79fed75e532895a9b749ad0 )                         │
│  │ ObjectType: 0x2::coin::TreasuryCap<0xfb21b7fa0a17973b3d3f3102b36354ff290bd3840c23b7e4248f22c461337387::token::TOKEN>  │
│  │ Version: 8                                                                                                            │
│  │ Digest: Cq1aMnoV14KtXmyQaN6PQP633TBn5bzdjQeRNaAr6f3t                                                                  │
│  └──                                                                                                                     │
│  ┌──                                                                                                                     │
│  │ ObjectID: 0xf9b68d2dc7ea1c58981b7b13563e7bc43d10e5cb2e83242515369f72e28082d6                                          │
│  │ Sender: 0xdb47e8bd66365981658f9753cf2fc3afdebc7855f79fed75e532895a9b749ad0                                            │
│  │ Owner: Account Address ( 0xdb47e8bd66365981658f9753cf2fc3afdebc7855f79fed75e532895a9b749ad0 )                         │
│  │ ObjectType: 0xfb21b7fa0a17973b3d3f3102b36354ff290bd3840c23b7e4248f22c461337387::token::AdminCap                       │
│  │ Version: 8                                                                                                            │
│  │ Digest: F3Eeocgrnt6eXNqcWfaigs5FX61JVzMUsjgLhcxVWVwo                                                                  │
│  └──                                                                                                                     │
╰──────────────────────────────────────────────────────────────────────────────────────────────────────────────────────────╯
╭───────────────────────────────────────────────────────────────────────────────────────────────────╮
│ Balance Changes                                                                                   │
├───────────────────────────────────────────────────────────────────────────────────────────────────┤
│  ┌──                                                                                              │
│  │ Owner: Account Address ( 0xdb47e8bd66365981658f9753cf2fc3afdebc7855f79fed75e532895a9b749ad0 )  │
│  │ CoinType: 0x2::sui::SUI                                                                        │
│  │ Amount: -2377576                                                                               │
│  └──                                                                                              │
│  ┌──                                                                                              │
│  │ Owner: Account Address ( 0xdb47e8bd66365981658f9753cf2fc3afdebc7855f79fed75e532895a9b749ad0 )  │
│  │ CoinType: 0xfb21b7fa0a17973b3d3f3102b36354ff290bd3840c23b7e4248f22c461337387::token::TOKEN     │
│  │ Amount: 1000000                                                                                │
│  └──                                                                                              │
╰───────────────────────────────────────────────────────────────────────────────────────────────────╯
cris@MacBook-Pro-Cristian sui % sui client call \
    --package 0xfb21b7fa0a17973b3d3f3102b36354ff290bd3840c23b7e4248f22c461337387 \
    --module token \
    --function burn \
    --args 0x902b92ba4455831089a6ba18aa06eb2cc64d477dcf40587b451b92c791653e23 \
          0x74eac2f19c87721a88da34d73b78e799d11697d2ed85652ab7bff6eb52203657 \
          0xf9b68d2dc7ea1c58981b7b13563e7bc43d10e5cb2e83242515369f72e28082d6 \
    --gas-budget 500000000
Object has been deleted object_id: 0x74eac2f19c87721a88da34d73b78e799d11697d2ed85652ab7bff6eb52203657 at version: SequenceNumber(6) in digest o#7gyGAp71YXQRoxmFBaHxofQXAipvgHyBKPyxmdSJxyvz
cris@MacBook-Pro-Cristian sui % sui client objects
╭───────────────────────────────────────────────────────────────────────────────────────╮
│ ╭────────────┬──────────────────────────────────────────────────────────────────────╮ │
│ │ objectId   │  0x29205e76714ec35eb1aa7a6c67e975af1ee8b682742ad07db9f2cd7d36e9686e  │ │
│ │ version    │  8                                                                   │ │
│ │ digest     │  9IJ4tfARys5gkaQ4JjN982iLWvsFSu7aem9PFRrraMU=                        │ │
│ │ objectType │  0x0000..0002::coin::Coin                                            │ │
│ ╰────────────┴──────────────────────────────────────────────────────────────────────╯ │
│ ╭────────────┬──────────────────────────────────────────────────────────────────────╮ │
│ │ objectId   │  0x6f4b5cd21797a906e4c01371cbc2a228be5d0b9e294fda1030cf155171911ce8  │ │
│ │ version    │  3                                                                   │ │
│ │ digest     │  v6TgT+NDqO0zdMinlcWrCvAHLzA6DeroVr1KtAli2oU=                        │ │
│ │ objectType │  0x0000..0002::package::UpgradeCap                                   │ │
│ ╰────────────┴──────────────────────────────────────────────────────────────────────╯ │
│ ╭────────────┬──────────────────────────────────────────────────────────────────────╮ │
│ │ objectId   │  0x902b92ba4455831089a6ba18aa06eb2cc64d477dcf40587b451b92c791653e23  │ │
│ │ version    │  8                                                                   │ │
│ │ digest     │  r70V2SV7tjU2XSdsCxBq5DeKOr/5veCZsMFRXUjzKjc=                        │ │
│ │ objectType │  0x0000..0002::coin::TreasuryCap                                     │ │
│ ╰────────────┴──────────────────────────────────────────────────────────────────────╯ │
│ ╭────────────┬──────────────────────────────────────────────────────────────────────╮ │
│ │ objectId   │  0xc55d5e13c5e3b635e2dbafc920a250ccaf3d9a867f0a2956b4351db2ca63b2ed  │ │
│ │ version    │  8                                                                   │ │
│ │ digest     │  kRWgeEnbZuq4DY3tM+YbZvhZH/D+DFLYZo1jBjnhzhA=                        │ │
│ │ objectType │  0x0000..0002::coin::Coin                                            │ │
│ ╰────────────┴──────────────────────────────────────────────────────────────────────╯ │
│ ╭────────────┬──────────────────────────────────────────────────────────────────────╮ │
│ │ objectId   │  0xf9b68d2dc7ea1c58981b7b13563e7bc43d10e5cb2e83242515369f72e28082d6  │ │
│ │ version    │  8                                                                   │ │
│ │ digest     │  0JY293DEayenncRUdG0xKe3FZUkijBlaygqSjaYK1cI=                        │ │
│ │ objectType │  0xfb21..7387::token::AdminCap                                       │ │
│ ╰────────────┴──────────────────────────────────────────────────────────────────────╯ │
╰───────────────────────────────────────────────────────────────────────────────────────╯
cris@MacBook-Pro-Cristian sui % sui client call \
    --package 0xfb21b7fa0a17973b3d3f3102b36354ff290bd3840c23b7e4248f22c461337387 \
    --module token \
    --function burn \
    --args 0x902b92ba4455831089a6ba18aa06eb2cc64d477dcf40587b451b92c791653e23 \
          0xf9b68d2dc7ea1c58981b7b13563e7bc43d10e5cb2e83242515369f72e28082d6 \
          0xf9b68d2dc7ea1c58981b7b13563e7bc43d10e5cb2e83242515369f72e28082d6 \
    --gas-budget 500000000
Error executing transaction '6zprq58DNs4StcgS9pgvDdQpY4PFuM1ULTFGf56AeLwG': CommandArgumentError { arg_idx: 1, kind: TypeMismatch } in command 0
cris@MacBook-Pro-Cristian sui % sui client call \
    --package 0xfb21b7fa0a17973b3d3f3102b36354ff290bd3840c23b7e4248f22c461337387 \
    --module token \
    --function burn \
    --args 0x902b92ba4455831089a6ba18aa06eb2cc64d477dcf40587b451b92c791653e23 \
          0xc55d5e13c5e3b635e2dbafc920a250ccaf3d9a867f0a2956b4351db2ca63b2ed \
          0xf9b68d2dc7ea1c58981b7b13563e7bc43d10e5cb2e83242515369f72e28082d6 \
    --gas-budget 500000000
Transaction Digest: 8RtaD3fNGyYC7btG9sgYutwHXHYefAsbGcnSxM5HU751
╭─────────────────────────────────────────────────────────────────────────────────────────────────╮
│ Transaction Data                                                                                │
├─────────────────────────────────────────────────────────────────────────────────────────────────┤
│ Sender: 0xdb47e8bd66365981658f9753cf2fc3afdebc7855f79fed75e532895a9b749ad0                      │
│ Gas Owner: 0xdb47e8bd66365981658f9753cf2fc3afdebc7855f79fed75e532895a9b749ad0                   │
│ Gas Budget: 500000000 MIST                                                                      │
│ Gas Price: 1000 MIST                                                                            │
│ Gas Payment:                                                                                    │
│  ┌──                                                                                            │
│  │ ID: 0x29205e76714ec35eb1aa7a6c67e975af1ee8b682742ad07db9f2cd7d36e9686e                       │
│  │ Version: 9                                                                                   │
│  │ Digest: AgvMTGyBBWWhwiMnn7HSU3SypMTjvyTNwLzbdaaAbwzS                                         │
│  └──                                                                                            │
│                                                                                                 │
│ Transaction Kind: Programmable                                                                  │
│ ╭─────────────────────────────────────────────────────────────────────────────────────────────╮ │
│ │ Input Objects                                                                               │ │
│ ├─────────────────────────────────────────────────────────────────────────────────────────────┤ │
│ │ 0   Imm/Owned Object ID: 0x902b92ba4455831089a6ba18aa06eb2cc64d477dcf40587b451b92c791653e23 │ │
│ │ 1   Imm/Owned Object ID: 0xc55d5e13c5e3b635e2dbafc920a250ccaf3d9a867f0a2956b4351db2ca63b2ed │ │
│ │ 2   Imm/Owned Object ID: 0xf9b68d2dc7ea1c58981b7b13563e7bc43d10e5cb2e83242515369f72e28082d6 │ │
│ ╰─────────────────────────────────────────────────────────────────────────────────────────────╯ │
│ ╭──────────────────────────────────────────────────────────────────────────────────╮            │
│ │ Commands                                                                         │            │
│ ├──────────────────────────────────────────────────────────────────────────────────┤            │
│ │ 0  MoveCall:                                                                     │            │
│ │  ┌                                                                               │            │
│ │  │ Function:  burn                                                               │            │
│ │  │ Module:    token                                                              │            │
│ │  │ Package:   0xfb21b7fa0a17973b3d3f3102b36354ff290bd3840c23b7e4248f22c461337387 │            │
│ │  │ Arguments:                                                                    │            │
│ │  │   Input  0                                                                    │            │
│ │  │   Input  1                                                                    │            │
│ │  │   Input  2                                                                    │            │
│ │  └                                                                               │            │
│ ╰──────────────────────────────────────────────────────────────────────────────────╯            │
│                                                                                                 │
│ Signatures:                                                                                     │
│    55gtvr0ZO8piBPg6QOYtlvn91mJHxO0Yp1Id6bPQlUXcEpiC14lXIkMqwAx4wI7Y1SJ7oocx0RP2jgSVD7oHAQ==     │
│                                                                                                 │
╰─────────────────────────────────────────────────────────────────────────────────────────────────╯
╭───────────────────────────────────────────────────────────────────────────────────────────────────╮
│ Transaction Effects                                                                               │
├───────────────────────────────────────────────────────────────────────────────────────────────────┤
│ Digest: 8RtaD3fNGyYC7btG9sgYutwHXHYefAsbGcnSxM5HU751                                              │
│ Status: Success                                                                                   │
│ Executed Epoch: 2                                                                                 │
│ Mutated Objects:                                                                                  │
│  ┌──                                                                                              │
│  │ ID: 0x29205e76714ec35eb1aa7a6c67e975af1ee8b682742ad07db9f2cd7d36e9686e                         │
│  │ Owner: Account Address ( 0xdb47e8bd66365981658f9753cf2fc3afdebc7855f79fed75e532895a9b749ad0 )  │
│  │ Version: 10                                                                                    │
│  │ Digest: 74yZWp9e3bKdQMYzZrbSd8bZ2bunF5xeEEBTpNWLv7DU                                           │
│  └──                                                                                              │
│  ┌──                                                                                              │
│  │ ID: 0x902b92ba4455831089a6ba18aa06eb2cc64d477dcf40587b451b92c791653e23                         │
│  │ Owner: Account Address ( 0xdb47e8bd66365981658f9753cf2fc3afdebc7855f79fed75e532895a9b749ad0 )  │
│  │ Version: 10                                                                                    │
│  │ Digest: 9PVLPqV9ftTm77JPqmW7qWBhYrT28wqydj1xJEpdoynB                                           │
│  └──                                                                                              │
│  ┌──                                                                                              │
│  │ ID: 0xf9b68d2dc7ea1c58981b7b13563e7bc43d10e5cb2e83242515369f72e28082d6                         │
│  │ Owner: Account Address ( 0xdb47e8bd66365981658f9753cf2fc3afdebc7855f79fed75e532895a9b749ad0 )  │
│  │ Version: 10                                                                                    │
│  │ Digest: ATrQx51jjNZ77sJUQL9dvKFWpVYctdEjK8FaaQzs7yU5                                           │
│  └──                                                                                              │
│ Deleted Objects:                                                                                  │
│  ┌──                                                                                              │
│  │ ID: 0xc55d5e13c5e3b635e2dbafc920a250ccaf3d9a867f0a2956b4351db2ca63b2ed                         │
│  │ Version: 10                                                                                    │
│  │ Digest: 7gyGAp71YXQRoxmFBaHxofQXAipvgHyBKPyxmdSJxyvz                                           │
│  └──                                                                                              │
│ Gas Object:                                                                                       │
│  ┌──                                                                                              │
│  │ ID: 0x29205e76714ec35eb1aa7a6c67e975af1ee8b682742ad07db9f2cd7d36e9686e                         │
│  │ Owner: Account Address ( 0xdb47e8bd66365981658f9753cf2fc3afdebc7855f79fed75e532895a9b749ad0 )  │
│  │ Version: 10                                                                                    │
│  │ Digest: 74yZWp9e3bKdQMYzZrbSd8bZ2bunF5xeEEBTpNWLv7DU                                           │
│  └──                                                                                              │
│ Gas Cost Summary:                                                                                 │
│    Storage Cost: 3997600 MIST                                                                     │
│    Computation Cost: 1000000 MIST                                                                 │
│    Storage Rebate: 5281848 MIST                                                                   │
│    Non-refundable Storage Fee: 53352 MIST                                                         │
│                                                                                                   │
│ Transaction Dependencies:                                                                         │
│    Bd34mEZi7xhiCXe4YssinHdqGiL84xk2AW3hA2iBKJ4                                                    │
│    6zprq58DNs4StcgS9pgvDdQpY4PFuM1ULTFGf56AeLwG                                                   │
│    8DHpRXmP8pmsuKURrCJLBQKqDYoSApH18m2iZkgWtLWs                                                   │
╰───────────────────────────────────────────────────────────────────────────────────────────────────╯
╭─────────────────────────────╮
│ No transaction block events │
╰─────────────────────────────╯

╭──────────────────────────────────────────────────────────────────────────────────────────────────────────────────────────╮
│ Object Changes                                                                                                           │
├──────────────────────────────────────────────────────────────────────────────────────────────────────────────────────────┤
│ Mutated Objects:                                                                                                         │
│  ┌──                                                                                                                     │
│  │ ObjectID: 0x29205e76714ec35eb1aa7a6c67e975af1ee8b682742ad07db9f2cd7d36e9686e                                          │
│  │ Sender: 0xdb47e8bd66365981658f9753cf2fc3afdebc7855f79fed75e532895a9b749ad0                                            │
│  │ Owner: Account Address ( 0xdb47e8bd66365981658f9753cf2fc3afdebc7855f79fed75e532895a9b749ad0 )                         │
│  │ ObjectType: 0x2::coin::Coin<0x2::sui::SUI>                                                                            │
│  │ Version: 10                                                                                                           │
│  │ Digest: 74yZWp9e3bKdQMYzZrbSd8bZ2bunF5xeEEBTpNWLv7DU                                                                  │
│  └──                                                                                                                     │
│  ┌──                                                                                                                     │
│  │ ObjectID: 0x902b92ba4455831089a6ba18aa06eb2cc64d477dcf40587b451b92c791653e23                                          │
│  │ Sender: 0xdb47e8bd66365981658f9753cf2fc3afdebc7855f79fed75e532895a9b749ad0                                            │
│  │ Owner: Account Address ( 0xdb47e8bd66365981658f9753cf2fc3afdebc7855f79fed75e532895a9b749ad0 )                         │
│  │ ObjectType: 0x2::coin::TreasuryCap<0xfb21b7fa0a17973b3d3f3102b36354ff290bd3840c23b7e4248f22c461337387::token::TOKEN>  │
│  │ Version: 10                                                                                                           │
│  │ Digest: 9PVLPqV9ftTm77JPqmW7qWBhYrT28wqydj1xJEpdoynB                                                                  │
│  └──                                                                                                                     │
│  ┌──                                                                                                                     │
│  │ ObjectID: 0xf9b68d2dc7ea1c58981b7b13563e7bc43d10e5cb2e83242515369f72e28082d6                                          │
│  │ Sender: 0xdb47e8bd66365981658f9753cf2fc3afdebc7855f79fed75e532895a9b749ad0                                            │
│  │ Owner: Account Address ( 0xdb47e8bd66365981658f9753cf2fc3afdebc7855f79fed75e532895a9b749ad0 )                         │
│  │ ObjectType: 0xfb21b7fa0a17973b3d3f3102b36354ff290bd3840c23b7e4248f22c461337387::token::AdminCap                       │
│  │ Version: 10                                                                                                           │
│  │ Digest: ATrQx51jjNZ77sJUQL9dvKFWpVYctdEjK8FaaQzs7yU5                                                                  │
│  └──                                                                                                                     │
╰──────────────────────────────────────────────────────────────────────────────────────────────────────────────────────────╯
╭───────────────────────────────────────────────────────────────────────────────────────────────────╮
│ Balance Changes                                                                                   │
├───────────────────────────────────────────────────────────────────────────────────────────────────┤
│  ┌──                                                                                              │
│  │ Owner: Account Address ( 0xdb47e8bd66365981658f9753cf2fc3afdebc7855f79fed75e532895a9b749ad0 )  │
│  │ CoinType: 0x2::sui::SUI                                                                        │
│  │ Amount: 284248                                                                                 │
│  └──                                                                                              │
│  ┌──                                                                                              │
│  │ Owner: Account Address ( 0xdb47e8bd66365981658f9753cf2fc3afdebc7855f79fed75e532895a9b749ad0 )  │
│  │ CoinType: 0xfb21b7fa0a17973b3d3f3102b36354ff290bd3840c23b7e4248f22c461337387::token::TOKEN     │
│  │ Amount: -1000000                                                                               │
│  └──                                                                                              │
╰───────────────────────────────────────────────────────────────────────────────────────────────────╯
cris@MacBook-Pro-Cristian sui % 
